[2026-09-25T09:00:29.793+0000] {local_task_job_runner.py:123} INFO - ::group::Pre task execution logs
[2026-09-25T09:00:29.851+0000] {taskinstance.py:2603} INFO - Dependencies all met for dep_context=non-requeueable deps ti=<TaskInstance: tradecorp_etl.extract_from_azure manual__2026-09-25T08:55:24.780677+00:00 [queued]>
[2026-09-25T09:00:29.862+0000] {taskinstance.py:2603} INFO - Dependencies all met for dep_context=requeueable deps ti=<TaskInstance: tradecorp_etl.extract_from_azure manual__2026-09-25T08:55:24.780677+00:00 [queued]>
[2026-09-25T09:00:29.865+0000] {taskinstance.py:2856} INFO - Starting attempt 2 of 3
[2026-09-25T09:00:29.885+0000] {taskinstance.py:2879} INFO - Executing <Task(BashOperator): extract_from_azure> on 2026-09-25 08:55:24.780677+00:00
[2026-09-25T09:00:29.898+0000] {standard_task_runner.py:72} INFO - Started process 1491 to run task
[2026-09-25T09:00:29.945+0000] {standard_task_runner.py:104} INFO - Running: ['***', 'tasks', 'run', 'tradecorp_etl', 'extract_from_azure', 'manual__2026-09-25T08:55:24.780677+00:00', '--job-id', '9', '--raw', '--subdir', 'DAGS_FOLDER/tradecorp_pipeline.py', '--cfg-path', '/tmp/tmp4077h_ts']
[2026-09-25T09:00:30.028+0000] {standard_task_runner.py:105} INFO - Job 9: Subtask extract_from_azure
[2026-09-25T09:00:30.665+0000] {task_command.py:467} INFO - Running <TaskInstance: tradecorp_etl.extract_from_azure manual__2026-09-25T08:55:24.780677+00:00 [running]> on host afd995bbc8e3
[2026-09-25T09:00:31.418+0000] {taskinstance.py:3122} INFO - Exporting env vars: AIRFLOW_CTX_DAG_OWNER='tradecorp_data_eng' AIRFLOW_CTX_DAG_ID='tradecorp_etl' AIRFLOW_CTX_TASK_ID='extract_from_azure' AIRFLOW_CTX_EXECUTION_DATE='2026-09-25T08:55:24.780677+00:00' AIRFLOW_CTX_TRY_NUMBER='2' AIRFLOW_CTX_DAG_RUN_ID='manual__2026-09-25T08:55:24.780677+00:00'
[2026-09-25T09:00:31.422+0000] {taskinstance.py:731} INFO - ::endgroup::
[2026-09-25T09:00:31.456+0000] {subprocess.py:63} INFO - Tmp dir root location: /tmp
[2026-09-25T09:00:31.464+0000] {subprocess.py:75} INFO - Running command: ['/usr/bin/bash', '-c', '/home/***/.local/bin/python /home/jovyan/src/reader.py']
[2026-09-25T09:00:31.541+0000] {subprocess.py:86} INFO - Output:
[2026-09-25T09:00:33.264+0000] {subprocess.py:93} INFO - 2026-09-25 09:00:33,264 - INFO - Request URL: 'https://zawlstorage.blob.core.windows.net/raw?restype=REDACTED&comp=REDACTED&include=REDACTED'
[2026-09-25T09:00:33.266+0000] {subprocess.py:93} INFO - Request method: 'GET'
[2026-09-25T09:00:33.269+0000] {subprocess.py:93} INFO - Request headers:
[2026-09-25T09:00:33.271+0000] {subprocess.py:93} INFO -     'x-ms-version': 'REDACTED'
[2026-09-25T09:00:33.274+0000] {subprocess.py:93} INFO -     'Accept': 'application/xml'
[2026-09-25T09:00:33.276+0000] {subprocess.py:93} INFO -     'User-Agent': 'azsdk-python-storage-blob/12.22.0 Python/3.11.11 (Linux-6.18.33.2-microsoft-standard-WSL2-x86_64-with-glibc2.36)'
[2026-09-25T09:00:33.278+0000] {subprocess.py:93} INFO -     'x-ms-date': 'REDACTED'
[2026-09-25T09:00:33.279+0000] {subprocess.py:93} INFO -     'x-ms-client-request-id': '90ca5a02-b8bf-11f1-a970-82c878e93bd9'
[2026-09-25T09:00:33.281+0000] {subprocess.py:93} INFO -     'Authorization': 'REDACTED'
[2026-09-25T09:00:33.283+0000] {subprocess.py:93} INFO - No body was attached to the request
[2026-09-25T09:00:33.407+0000] {subprocess.py:93} INFO - 2026-09-25 09:00:33,407 - INFO - Response status: 200
[2026-09-25T09:00:33.410+0000] {subprocess.py:93} INFO - Response headers:
[2026-09-25T09:00:33.412+0000] {subprocess.py:93} INFO -     'Transfer-Encoding': 'chunked'
[2026-09-25T09:00:33.414+0000] {subprocess.py:93} INFO -     'Content-Type': 'application/xml'
[2026-09-25T09:00:33.416+0000] {subprocess.py:93} INFO -     'Server': 'Windows-Azure-Blob/1.0 Microsoft-HTTPAPI/2.0'
[2026-09-25T09:00:33.417+0000] {subprocess.py:93} INFO -     'x-ms-request-id': '9d81410b-e01e-003f-5ecc-4c0b4e000000'
[2026-09-25T09:00:33.419+0000] {subprocess.py:93} INFO -     'x-ms-client-request-id': '90ca5a02-b8bf-11f1-a970-82c878e93bd9'
[2026-09-25T09:00:33.420+0000] {subprocess.py:93} INFO -     'x-ms-version': 'REDACTED'
[2026-09-25T09:00:33.421+0000] {subprocess.py:93} INFO -     'Date': 'Fri, 25 Sep 2026 09:00:33 GMT'
[2026-09-25T09:00:33.428+0000] {subprocess.py:93} INFO - Traceback (most recent call last):
[2026-09-25T09:00:33.430+0000] {subprocess.py:93} INFO -   File "/home/jovyan/src/reader.py", line 110, in <module>
[2026-09-25T09:00:33.432+0000] {subprocess.py:93} INFO -     files = DataReader.download_azure_raw()
[2026-09-25T09:00:33.434+0000] {subprocess.py:93} INFO -             ^^^^^^^^^^^^^^^^^^^^^^^^^^^^^^^
[2026-09-25T09:00:33.436+0000] {subprocess.py:93} INFO -   File "/home/jovyan/src/reader.py", line 78, in download_azure_raw
[2026-09-25T09:00:33.438+0000] {subprocess.py:93} INFO -     with open(destination, "wb") as file:
[2026-09-25T09:00:33.440+0000] {subprocess.py:93} INFO -          ^^^^^^^^^^^^^^^^^^^^^^^
[2026-09-25T09:00:33.442+0000] {subprocess.py:93} INFO - PermissionError: [Errno 13] Permission denied: '/home/jovyan/src/data/azure_tradecorp_raw/books/bookstreamvault.csv'
[2026-09-25T09:00:33.582+0000] {subprocess.py:97} INFO - Command exited with return code 1
[2026-09-25T09:00:33.656+0000] {taskinstance.py:3301} ERROR - Task failed with exception
Traceback (most recent call last):
  File "/home/airflow/.local/lib/python3.11/site-packages/airflow/models/taskinstance.py", line 762, in _execute_task
    result = _execute_callable(context=context, **execute_callable_kwargs)
             ^^^^^^^^^^^^^^^^^^^^^^^^^^^^^^^^^^^^^^^^^^^^^^^^^^^^^^^^^^^^^
  File "/home/airflow/.local/lib/python3.11/site-packages/airflow/models/taskinstance.py", line 733, in _execute_callable
    return ExecutionCallableRunner(
           ^^^^^^^^^^^^^^^^^^^^^^^^
  File "/home/airflow/.local/lib/python3.11/site-packages/airflow/utils/operator_helpers.py", line 252, in run
    return self.func(*args, **kwargs)
           ^^^^^^^^^^^^^^^^^^^^^^^^^^
  File "/home/airflow/.local/lib/python3.11/site-packages/airflow/models/baseoperator.py", line 406, in wrapper
    return func(self, *args, **kwargs)
           ^^^^^^^^^^^^^^^^^^^^^^^^^^^
  File "/home/airflow/.local/lib/python3.11/site-packages/airflow/operators/bash.py", line 249, in execute
    raise AirflowException(
airflow.exceptions.AirflowException: Bash command failed. The command returned a non-zero exit code 1.
[2026-09-25T09:00:33.665+0000] {taskinstance.py:1225} INFO - Marking task as UP_FOR_RETRY. dag_id=tradecorp_etl, task_id=extract_from_azure, run_id=manual__2026-09-25T08:55:24.780677+00:00, execution_date=20260925T085524, start_date=20260925T090029, end_date=20260925T090033
[2026-09-25T09:00:33.826+0000] {taskinstance.py:340} INFO - ::group::Post task execution logs
[2026-09-25T09:00:33.828+0000] {standard_task_runner.py:124} ERROR - Failed to execute job 9 for task extract_from_azure (Bash command failed. The command returned a non-zero exit code 1.; 1491)
Traceback (most recent call last):
  File "/home/airflow/.local/lib/python3.11/site-packages/airflow/task/task_runner/standard_task_runner.py", line 117, in _start_by_fork
    ret = args.func(args, dag=self.dag)
          ^^^^^^^^^^^^^^^^^^^^^^^^^^^^^
  File "/home/airflow/.local/lib/python3.11/site-packages/airflow/cli/cli_config.py", line 49, in command
    return func(*args, **kwargs)
           ^^^^^^^^^^^^^^^^^^^^^
  File "/home/airflow/.local/lib/python3.11/site-packages/airflow/utils/cli.py", line 115, in wrapper
    return f(*args, **kwargs)
           ^^^^^^^^^^^^^^^^^^
  File "/home/airflow/.local/lib/python3.11/site-packages/airflow/cli/commands/task_command.py", line 483, in task_run
    task_return_code = _run_task_by_selected_method(args, _dag, ti)
                       ^^^^^^^^^^^^^^^^^^^^^^^^^^^^^^^^^^^^^^^^^^^^
  File "/home/airflow/.local/lib/python3.11/site-packages/airflow/cli/commands/task_command.py", line 256, in _run_task_by_selected_method
    return _run_raw_task(args, ti)
           ^^^^^^^^^^^^^^^^^^^^^^^
  File "/home/airflow/.local/lib/python3.11/site-packages/airflow/cli/commands/task_command.py", line 341, in _run_raw_task
    return ti._run_raw_task(
           ^^^^^^^^^^^^^^^^^
  File "/home/airflow/.local/lib/python3.11/site-packages/airflow/utils/session.py", line 97, in wrapper
    return func(*args, session=session, **kwargs)
           ^^^^^^^^^^^^^^^^^^^^^^^^^^^^^^^^^^^^^^
  File "/home/airflow/.local/lib/python3.11/site-packages/airflow/models/taskinstance.py", line 2995, in _run_raw_task
    return _run_raw_task(
           ^^^^^^^^^^^^^^
  File "/home/airflow/.local/lib/python3.11/site-packages/airflow/models/taskinstance.py", line 273, in _run_raw_task
    TaskInstance._execute_task_with_callbacks(
  File "/home/airflow/.local/lib/python3.11/site-packages/airflow/models/taskinstance.py", line 3149, in _execute_task_with_callbacks
    result = self._execute_task(context, task_orig)
             ^^^^^^^^^^^^^^^^^^^^^^^^^^^^^^^^^^^^^^
  File "/home/airflow/.local/lib/python3.11/site-packages/airflow/models/taskinstance.py", line 3173, in _execute_task
    return _execute_task(self, context, task_orig)
           ^^^^^^^^^^^^^^^^^^^^^^^^^^^^^^^^^^^^^^^
  File "/home/airflow/.local/lib/python3.11/site-packages/airflow/models/taskinstance.py", line 762, in _execute_task
    result = _execute_callable(context=context, **execute_callable_kwargs)
             ^^^^^^^^^^^^^^^^^^^^^^^^^^^^^^^^^^^^^^^^^^^^^^^^^^^^^^^^^^^^^
  File "/home/airflow/.local/lib/python3.11/site-packages/airflow/models/taskinstance.py", line 733, in _execute_callable
    return ExecutionCallableRunner(
           ^^^^^^^^^^^^^^^^^^^^^^^^
  File "/home/airflow/.local/lib/python3.11/site-packages/airflow/utils/operator_helpers.py", line 252, in run
    return self.func(*args, **kwargs)
           ^^^^^^^^^^^^^^^^^^^^^^^^^^
  File "/home/airflow/.local/lib/python3.11/site-packages/airflow/models/baseoperator.py", line 406, in wrapper
    return func(self, *args, **kwargs)
           ^^^^^^^^^^^^^^^^^^^^^^^^^^^
  File "/home/airflow/.local/lib/python3.11/site-packages/airflow/operators/bash.py", line 249, in execute
    raise AirflowException(
airflow.exceptions.AirflowException: Bash command failed. The command returned a non-zero exit code 1.
[2026-09-25T09:00:33.875+0000] {local_task_job_runner.py:261} INFO - Task exited with return code 1
[2026-09-25T09:00:33.904+0000] {taskinstance.py:3891} INFO - 0 downstream tasks scheduled from follow-on schedule check
[2026-09-25T09:00:33.952+0000] {local_task_job_runner.py:240} INFO - ::endgroup::
