[2026-09-25T21:10:33.361+0000] {local_task_job_runner.py:123} INFO - ::group::Pre task execution logs
[2026-09-25T21:10:33.387+0000] {taskinstance.py:2614} INFO - Dependencies all met for dep_context=non-requeueable deps ti=<TaskInstance: tradecorp_etl.extract_from_azure manual__2026-09-25T21:00:16.331610+00:00 [queued]>
[2026-09-25T21:10:33.400+0000] {taskinstance.py:2614} INFO - Dependencies all met for dep_context=requeueable deps ti=<TaskInstance: tradecorp_etl.extract_from_azure manual__2026-09-25T21:00:16.331610+00:00 [queued]>
[2026-09-25T21:10:33.402+0000] {taskinstance.py:2867} INFO - Starting attempt 1 of 3
[2026-09-25T21:10:33.421+0000] {taskinstance.py:2890} INFO - Executing <Task(BashOperator): extract_from_azure> on 2026-09-25 21:00:16.331610+00:00
[2026-09-25T21:10:33.441+0000] {logging_mixin.py:190} WARNING - /home/***/.local/lib/python3.12/site-packages/***/task/task_runner/standard_task_runner.py:70 DeprecationWarning: This process (pid=744) is multi-threaded, use of fork() may lead to deadlocks in the child.
[2026-09-25T21:10:33.444+0000] {standard_task_runner.py:72} INFO - Started process 745 to run task
[2026-09-25T21:10:33.444+0000] {standard_task_runner.py:104} INFO - Running: ['***', 'tasks', 'run', 'tradecorp_etl', 'extract_from_azure', 'manual__2026-09-25T21:00:16.331610+00:00', '--job-id', '5', '--raw', '--subdir', 'DAGS_FOLDER/tradecorp_pipeline.py', '--cfg-path', '/tmp/tmpmvttl7v_']
[2026-09-25T21:10:33.446+0000] {standard_task_runner.py:105} INFO - Job 5: Subtask extract_from_azure
[2026-09-25T21:10:33.519+0000] {task_command.py:467} INFO - Running <TaskInstance: tradecorp_etl.extract_from_azure manual__2026-09-25T21:00:16.331610+00:00 [running]> on host 19cad8c1b283
[2026-09-25T21:10:33.622+0000] {taskinstance.py:3134} INFO - Exporting env vars: AIRFLOW_CTX_DAG_OWNER='tradecorp_data_eng' AIRFLOW_CTX_DAG_ID='tradecorp_etl' AIRFLOW_CTX_TASK_ID='extract_from_azure' AIRFLOW_CTX_EXECUTION_DATE='2026-09-25T21:00:16.331610+00:00' AIRFLOW_CTX_TRY_NUMBER='1' AIRFLOW_CTX_DAG_RUN_ID='manual__2026-09-25T21:00:16.331610+00:00'
[2026-09-25T21:10:33.624+0000] {taskinstance.py:732} INFO - ::endgroup::
[2026-09-25T21:10:33.644+0000] {subprocess.py:78} INFO - Tmp dir root location: /tmp
[2026-09-25T21:10:33.651+0000] {subprocess.py:88} INFO - Running command: ['/usr/bin/bash', '-c', '/home/***/.local/bin/python /home/jovyan/src/reader.py']
[2026-09-25T21:10:33.671+0000] {subprocess.py:99} INFO - Output:
[2026-09-25T21:10:35.227+0000] {subprocess.py:106} INFO - 2026-09-25 21:10:35,227 - INFO - Request URL: 'https://zawlstorage.blob.core.windows.net/raw?restype=REDACTED&comp=REDACTED&include=REDACTED'
[2026-09-25T21:10:35.228+0000] {subprocess.py:106} INFO - Request method: 'GET'
[2026-09-25T21:10:35.230+0000] {subprocess.py:106} INFO - Request headers:
[2026-09-25T21:10:35.232+0000] {subprocess.py:106} INFO -     'x-ms-version': 'REDACTED'
[2026-09-25T21:10:35.234+0000] {subprocess.py:106} INFO -     'Accept': 'application/xml'
[2026-09-25T21:10:35.235+0000] {subprocess.py:106} INFO -     'User-Agent': 'azsdk-python-storage-blob/12.22.0 Python/3.12.9 (Linux-6.18.33.2-microsoft-standard-WSL2-x86_64-with-glibc2.36)'
[2026-09-25T21:10:35.236+0000] {subprocess.py:106} INFO -     'x-ms-date': 'REDACTED'
[2026-09-25T21:10:35.238+0000] {subprocess.py:106} INFO -     'x-ms-client-request-id': '8ccb70ba-b925-11f1-9a62-7a0418f3a102'
[2026-09-25T21:10:35.240+0000] {subprocess.py:106} INFO -     'Authorization': 'REDACTED'
[2026-09-25T21:10:35.241+0000] {subprocess.py:106} INFO - No body was attached to the request
[2026-09-25T21:10:35.410+0000] {subprocess.py:106} INFO - 2026-09-25 21:10:35,410 - INFO - Response status: 200
[2026-09-25T21:10:35.411+0000] {subprocess.py:106} INFO - Response headers:
[2026-09-25T21:10:35.412+0000] {subprocess.py:106} INFO -     'Transfer-Encoding': 'chunked'
[2026-09-25T21:10:35.413+0000] {subprocess.py:106} INFO -     'Content-Type': 'application/xml'
[2026-09-25T21:10:35.414+0000] {subprocess.py:106} INFO -     'Server': 'Windows-Azure-Blob/1.0 Microsoft-HTTPAPI/2.0'
[2026-09-25T21:10:35.416+0000] {subprocess.py:106} INFO -     'x-ms-request-id': '2f5da8f1-b01e-00b4-5832-4d0f23000000'
[2026-09-25T21:10:35.417+0000] {subprocess.py:106} INFO -     'x-ms-client-request-id': '8ccb70ba-b925-11f1-9a62-7a0418f3a102'
[2026-09-25T21:10:35.418+0000] {subprocess.py:106} INFO -     'x-ms-version': 'REDACTED'
[2026-09-25T21:10:35.419+0000] {subprocess.py:106} INFO -     'Date': 'Fri, 25 Sep 2026 21:10:34 GMT'
[2026-09-25T21:10:35.428+0000] {subprocess.py:106} INFO - Traceback (most recent call last):
[2026-09-25T21:10:35.429+0000] {subprocess.py:106} INFO -   File "/home/jovyan/src/reader.py", line 110, in <module>
[2026-09-25T21:10:35.432+0000] {subprocess.py:106} INFO -     files = DataReader.download_azure_raw()
[2026-09-25T21:10:35.433+0000] {subprocess.py:106} INFO -             ^^^^^^^^^^^^^^^^^^^^^^^^^^^^^^^
[2026-09-25T21:10:35.434+0000] {subprocess.py:106} INFO -   File "/home/jovyan/src/reader.py", line 78, in download_azure_raw
[2026-09-25T21:10:35.436+0000] {subprocess.py:106} INFO -     with open(destination, "wb") as file:
[2026-09-25T21:10:35.437+0000] {subprocess.py:106} INFO -          ^^^^^^^^^^^^^^^^^^^^^^^
[2026-09-25T21:10:35.438+0000] {subprocess.py:106} INFO - PermissionError: [Errno 13] Permission denied: '/home/jovyan/src/data/azure_tradecorp_raw/categories.csv'
[2026-09-25T21:10:35.619+0000] {subprocess.py:110} INFO - Command exited with return code 1
[2026-09-25T21:10:35.637+0000] {taskinstance.py:3313} ERROR - Task failed with exception
Traceback (most recent call last):
  File "/home/airflow/.local/lib/python3.12/site-packages/airflow/models/taskinstance.py", line 763, in _execute_task
    result = _execute_callable(context=context, **execute_callable_kwargs)
             ^^^^^^^^^^^^^^^^^^^^^^^^^^^^^^^^^^^^^^^^^^^^^^^^^^^^^^^^^^^^^
  File "/home/airflow/.local/lib/python3.12/site-packages/airflow/models/taskinstance.py", line 734, in _execute_callable
    return ExecutionCallableRunner(
           ^^^^^^^^^^^^^^^^^^^^^^^^
  File "/home/airflow/.local/lib/python3.12/site-packages/airflow/utils/operator_helpers.py", line 252, in run
    return self.func(*args, **kwargs)
           ^^^^^^^^^^^^^^^^^^^^^^^^^^
  File "/home/airflow/.local/lib/python3.12/site-packages/airflow/models/baseoperator.py", line 424, in wrapper
    return func(self, *args, **kwargs)
           ^^^^^^^^^^^^^^^^^^^^^^^^^^^
  File "/home/airflow/.local/lib/python3.12/site-packages/airflow/operators/bash.py", line 276, in execute
    raise AirflowException(
airflow.exceptions.AirflowException: Bash command failed. The command returned a non-zero exit code 1.
[2026-09-25T21:10:35.671+0000] {taskinstance.py:1226} INFO - Marking task as UP_FOR_RETRY. dag_id=tradecorp_etl, task_id=extract_from_azure, run_id=manual__2026-09-25T21:00:16.331610+00:00, execution_date=20260925T210016, start_date=20260925T211033, end_date=20260925T211035
[2026-09-25T21:10:35.732+0000] {taskinstance.py:341} INFO - ::group::Post task execution logs
[2026-09-25T21:10:35.734+0000] {standard_task_runner.py:124} ERROR - Failed to execute job 5 for task extract_from_azure (Bash command failed. The command returned a non-zero exit code 1.; 745)
Traceback (most recent call last):
  File "/home/airflow/.local/lib/python3.12/site-packages/airflow/task/task_runner/standard_task_runner.py", line 117, in _start_by_fork
    ret = args.func(args, dag=self.dag)
          ^^^^^^^^^^^^^^^^^^^^^^^^^^^^^
  File "/home/airflow/.local/lib/python3.12/site-packages/airflow/cli/cli_config.py", line 49, in command
    return func(*args, **kwargs)
           ^^^^^^^^^^^^^^^^^^^^^
  File "/home/airflow/.local/lib/python3.12/site-packages/airflow/utils/cli.py", line 116, in wrapper
    return f(*args, **kwargs)
           ^^^^^^^^^^^^^^^^^^
  File "/home/airflow/.local/lib/python3.12/site-packages/airflow/cli/commands/task_command.py", line 483, in task_run
    task_return_code = _run_task_by_selected_method(args, _dag, ti)
                       ^^^^^^^^^^^^^^^^^^^^^^^^^^^^^^^^^^^^^^^^^^^^
  File "/home/airflow/.local/lib/python3.12/site-packages/airflow/cli/commands/task_command.py", line 256, in _run_task_by_selected_method
    return _run_raw_task(args, ti)
           ^^^^^^^^^^^^^^^^^^^^^^^
  File "/home/airflow/.local/lib/python3.12/site-packages/airflow/cli/commands/task_command.py", line 341, in _run_raw_task
    return ti._run_raw_task(
           ^^^^^^^^^^^^^^^^^
  File "/home/airflow/.local/lib/python3.12/site-packages/airflow/utils/session.py", line 97, in wrapper
    return func(*args, session=session, **kwargs)
           ^^^^^^^^^^^^^^^^^^^^^^^^^^^^^^^^^^^^^^
  File "/home/airflow/.local/lib/python3.12/site-packages/airflow/models/taskinstance.py", line 3006, in _run_raw_task
    return _run_raw_task(
           ^^^^^^^^^^^^^^
  File "/home/airflow/.local/lib/python3.12/site-packages/airflow/models/taskinstance.py", line 274, in _run_raw_task
    TaskInstance._execute_task_with_callbacks(
  File "/home/airflow/.local/lib/python3.12/site-packages/airflow/models/taskinstance.py", line 3161, in _execute_task_with_callbacks
    result = self._execute_task(context, task_orig)
             ^^^^^^^^^^^^^^^^^^^^^^^^^^^^^^^^^^^^^^
  File "/home/airflow/.local/lib/python3.12/site-packages/airflow/models/taskinstance.py", line 3185, in _execute_task
    return _execute_task(self, context, task_orig)
           ^^^^^^^^^^^^^^^^^^^^^^^^^^^^^^^^^^^^^^^
  File "/home/airflow/.local/lib/python3.12/site-packages/airflow/models/taskinstance.py", line 763, in _execute_task
    result = _execute_callable(context=context, **execute_callable_kwargs)
             ^^^^^^^^^^^^^^^^^^^^^^^^^^^^^^^^^^^^^^^^^^^^^^^^^^^^^^^^^^^^^
  File "/home/airflow/.local/lib/python3.12/site-packages/airflow/models/taskinstance.py", line 734, in _execute_callable
    return ExecutionCallableRunner(
           ^^^^^^^^^^^^^^^^^^^^^^^^
  File "/home/airflow/.local/lib/python3.12/site-packages/airflow/utils/operator_helpers.py", line 252, in run
    return self.func(*args, **kwargs)
           ^^^^^^^^^^^^^^^^^^^^^^^^^^
  File "/home/airflow/.local/lib/python3.12/site-packages/airflow/models/baseoperator.py", line 424, in wrapper
    return func(self, *args, **kwargs)
           ^^^^^^^^^^^^^^^^^^^^^^^^^^^
  File "/home/airflow/.local/lib/python3.12/site-packages/airflow/operators/bash.py", line 276, in execute
    raise AirflowException(
airflow.exceptions.AirflowException: Bash command failed. The command returned a non-zero exit code 1.
[2026-09-25T21:10:35.791+0000] {local_task_job_runner.py:266} INFO - Task exited with return code 1
[2026-09-25T21:10:35.821+0000] {taskinstance.py:3901} INFO - 0 downstream tasks scheduled from follow-on schedule check
[2026-09-25T21:10:35.825+0000] {local_task_job_runner.py:245} INFO - ::endgroup::
