[2026-09-24T16:47:41.544+0000] {local_task_job_runner.py:123} INFO - ::group::Pre task execution logs
[2026-09-24T16:47:41.569+0000] {taskinstance.py:2603} INFO - Dependencies all met for dep_context=non-requeueable deps ti=<TaskInstance: tradecorp_etl.extract_from_azure manual__2026-09-24T16:37:33.629540+00:00 [queued]>
[2026-09-24T16:47:41.580+0000] {taskinstance.py:2603} INFO - Dependencies all met for dep_context=requeueable deps ti=<TaskInstance: tradecorp_etl.extract_from_azure manual__2026-09-24T16:37:33.629540+00:00 [queued]>
[2026-09-24T16:47:41.582+0000] {taskinstance.py:2856} INFO - Starting attempt 3 of 3
[2026-09-24T16:47:41.607+0000] {taskinstance.py:2879} INFO - Executing <Task(BashOperator): extract_from_azure> on 2026-09-24 16:37:33.629540+00:00
[2026-09-24T16:47:41.621+0000] {logging_mixin.py:190} WARNING - /home/***/.local/lib/python3.12/site-packages/***/task/task_runner/standard_task_runner.py:70 DeprecationWarning: This process (pid=5429) is multi-threaded, use of fork() may lead to deadlocks in the child.
[2026-09-24T16:47:41.621+0000] {standard_task_runner.py:104} INFO - Running: ['***', 'tasks', 'run', 'tradecorp_etl', 'extract_from_azure', 'manual__2026-09-24T16:37:33.629540+00:00', '--job-id', '27', '--raw', '--subdir', 'DAGS_FOLDER/tradecorp_pipeline.py', '--cfg-path', '/tmp/tmp3z9gtrea']
[2026-09-24T16:47:41.624+0000] {standard_task_runner.py:72} INFO - Started process 5430 to run task
[2026-09-24T16:47:41.625+0000] {standard_task_runner.py:105} INFO - Job 27: Subtask extract_from_azure
[2026-09-24T16:47:41.695+0000] {task_command.py:467} INFO - Running <TaskInstance: tradecorp_etl.extract_from_azure manual__2026-09-24T16:37:33.629540+00:00 [running]> on host c8de9b671e9c
[2026-09-24T16:47:41.796+0000] {taskinstance.py:3122} INFO - Exporting env vars: AIRFLOW_CTX_DAG_OWNER='tradecorp_data_eng' AIRFLOW_CTX_DAG_ID='tradecorp_etl' AIRFLOW_CTX_TASK_ID='extract_from_azure' AIRFLOW_CTX_EXECUTION_DATE='2026-09-24T16:37:33.629540+00:00' AIRFLOW_CTX_TRY_NUMBER='3' AIRFLOW_CTX_DAG_RUN_ID='manual__2026-09-24T16:37:33.629540+00:00'
[2026-09-24T16:47:41.798+0000] {taskinstance.py:731} INFO - ::endgroup::
[2026-09-24T16:47:41.813+0000] {subprocess.py:63} INFO - Tmp dir root location: /tmp
[2026-09-24T16:47:41.815+0000] {subprocess.py:75} INFO - Running command: ['/usr/bin/bash', '-c', 'cd /opt/***/src && /opt/conda/bin/python reader.py']
[2026-09-24T16:47:41.834+0000] {subprocess.py:86} INFO - Output:
[2026-09-24T16:47:41.837+0000] {subprocess.py:93} INFO - /usr/bin/bash: line 1: /opt/conda/bin/python: No such file or directory
[2026-09-24T16:47:41.839+0000] {subprocess.py:97} INFO - Command exited with return code 127
[2026-09-24T16:47:41.856+0000] {taskinstance.py:3301} ERROR - Task failed with exception
Traceback (most recent call last):
  File "/home/airflow/.local/lib/python3.12/site-packages/airflow/models/taskinstance.py", line 762, in _execute_task
    result = _execute_callable(context=context, **execute_callable_kwargs)
             ^^^^^^^^^^^^^^^^^^^^^^^^^^^^^^^^^^^^^^^^^^^^^^^^^^^^^^^^^^^^^
  File "/home/airflow/.local/lib/python3.12/site-packages/airflow/models/taskinstance.py", line 733, in _execute_callable
    return ExecutionCallableRunner(
           ^^^^^^^^^^^^^^^^^^^^^^^^
  File "/home/airflow/.local/lib/python3.12/site-packages/airflow/utils/operator_helpers.py", line 252, in run
    return self.func(*args, **kwargs)
           ^^^^^^^^^^^^^^^^^^^^^^^^^^
  File "/home/airflow/.local/lib/python3.12/site-packages/airflow/models/baseoperator.py", line 406, in wrapper
    return func(self, *args, **kwargs)
           ^^^^^^^^^^^^^^^^^^^^^^^^^^^
  File "/home/airflow/.local/lib/python3.12/site-packages/airflow/operators/bash.py", line 249, in execute
    raise AirflowException(
airflow.exceptions.AirflowException: Bash command failed. The command returned a non-zero exit code 127.
[2026-09-24T16:47:41.862+0000] {taskinstance.py:1225} INFO - Marking task as FAILED. dag_id=tradecorp_etl, task_id=extract_from_azure, run_id=manual__2026-09-24T16:37:33.629540+00:00, execution_date=20260924T163733, start_date=20260924T164741, end_date=20260924T164741
[2026-09-24T16:47:41.881+0000] {taskinstance.py:340} INFO - ::group::Post task execution logs
[2026-09-24T16:47:41.883+0000] {standard_task_runner.py:124} ERROR - Failed to execute job 27 for task extract_from_azure (Bash command failed. The command returned a non-zero exit code 127.; 5430)
Traceback (most recent call last):
  File "/home/airflow/.local/lib/python3.12/site-packages/airflow/task/task_runner/standard_task_runner.py", line 117, in _start_by_fork
    ret = args.func(args, dag=self.dag)
          ^^^^^^^^^^^^^^^^^^^^^^^^^^^^^
  File "/home/airflow/.local/lib/python3.12/site-packages/airflow/cli/cli_config.py", line 49, in command
    return func(*args, **kwargs)
           ^^^^^^^^^^^^^^^^^^^^^
  File "/home/airflow/.local/lib/python3.12/site-packages/airflow/utils/cli.py", line 115, in wrapper
    return f(*args, **kwargs)
           ^^^^^^^^^^^^^^^^^^
  File "/home/airflow/.local/lib/python3.12/site-packages/airflow/cli/commands/task_command.py", line 483, in task_run
    task_return_code = _run_task_by_selected_method(args, _dag, ti)
                       ^^^^^^^^^^^^^^^^^^^^^^^^^^^^^^^^^^^^^^^^^^^^
  File "/home/airflow/.local/lib/python3.12/site-packages/airflow/cli/commands/task_command.py", line 256, in _run_task_by_selected_method
    return _run_raw_task(args, ti)
           ^^^^^^^^^^^^^^^^^^^^^^^
  File "/home/airflow/.local/lib/python3.12/site-packages/airflow/cli/commands/task_command.py", line 341, in _run_raw_task
    return ti._run_raw_task(
           ^^^^^^^^^^^^^^^^^
  File "/home/airflow/.local/lib/python3.12/site-packages/airflow/utils/session.py", line 97, in wrapper
    return func(*args, session=session, **kwargs)
           ^^^^^^^^^^^^^^^^^^^^^^^^^^^^^^^^^^^^^^
  File "/home/airflow/.local/lib/python3.12/site-packages/airflow/models/taskinstance.py", line 2995, in _run_raw_task
    return _run_raw_task(
           ^^^^^^^^^^^^^^
  File "/home/airflow/.local/lib/python3.12/site-packages/airflow/models/taskinstance.py", line 273, in _run_raw_task
    TaskInstance._execute_task_with_callbacks(
  File "/home/airflow/.local/lib/python3.12/site-packages/airflow/models/taskinstance.py", line 3149, in _execute_task_with_callbacks
    result = self._execute_task(context, task_orig)
             ^^^^^^^^^^^^^^^^^^^^^^^^^^^^^^^^^^^^^^
  File "/home/airflow/.local/lib/python3.12/site-packages/airflow/models/taskinstance.py", line 3173, in _execute_task
    return _execute_task(self, context, task_orig)
           ^^^^^^^^^^^^^^^^^^^^^^^^^^^^^^^^^^^^^^^
  File "/home/airflow/.local/lib/python3.12/site-packages/airflow/models/taskinstance.py", line 762, in _execute_task
    result = _execute_callable(context=context, **execute_callable_kwargs)
             ^^^^^^^^^^^^^^^^^^^^^^^^^^^^^^^^^^^^^^^^^^^^^^^^^^^^^^^^^^^^^
  File "/home/airflow/.local/lib/python3.12/site-packages/airflow/models/taskinstance.py", line 733, in _execute_callable
    return ExecutionCallableRunner(
           ^^^^^^^^^^^^^^^^^^^^^^^^
  File "/home/airflow/.local/lib/python3.12/site-packages/airflow/utils/operator_helpers.py", line 252, in run
    return self.func(*args, **kwargs)
           ^^^^^^^^^^^^^^^^^^^^^^^^^^
  File "/home/airflow/.local/lib/python3.12/site-packages/airflow/models/baseoperator.py", line 406, in wrapper
    return func(self, *args, **kwargs)
           ^^^^^^^^^^^^^^^^^^^^^^^^^^^
  File "/home/airflow/.local/lib/python3.12/site-packages/airflow/operators/bash.py", line 249, in execute
    raise AirflowException(
airflow.exceptions.AirflowException: Bash command failed. The command returned a non-zero exit code 127.
[2026-09-24T16:47:41.923+0000] {local_task_job_runner.py:261} INFO - Task exited with return code 1
[2026-09-24T16:47:41.956+0000] {taskinstance.py:3891} INFO - 0 downstream tasks scheduled from follow-on schedule check
[2026-09-24T16:47:41.964+0000] {local_task_job_runner.py:240} INFO - ::endgroup::
