[2026-09-24T20:01:19.556+0000] {local_task_job_runner.py:123} INFO - ::group::Pre task execution logs
[2026-09-24T20:01:19.588+0000] {taskinstance.py:2603} INFO - Dependencies all met for dep_context=non-requeueable deps ti=<TaskInstance: tradecorp_etl.extract_from_azure manual__2026-09-24T19:50:47.526505+00:00 [queued]>
[2026-09-24T20:01:19.605+0000] {taskinstance.py:2603} INFO - Dependencies all met for dep_context=requeueable deps ti=<TaskInstance: tradecorp_etl.extract_from_azure manual__2026-09-24T19:50:47.526505+00:00 [queued]>
[2026-09-24T20:01:19.609+0000] {taskinstance.py:2856} INFO - Starting attempt 3 of 3
[2026-09-24T20:01:19.635+0000] {taskinstance.py:2879} INFO - Executing <Task(BashOperator): extract_from_azure> on 2026-09-24 19:50:47.526505+00:00
[2026-09-24T20:01:19.648+0000] {standard_task_runner.py:72} INFO - Started process 632 to run task
[2026-09-24T20:01:19.653+0000] {standard_task_runner.py:104} INFO - Running: ['***', 'tasks', 'run', 'tradecorp_etl', 'extract_from_azure', 'manual__2026-09-24T19:50:47.526505+00:00', '--job-id', '35', '--raw', '--subdir', 'DAGS_FOLDER/tradecorp_pipeline.py', '--cfg-path', '/tmp/tmpexxuldx7']
[2026-09-24T20:01:19.659+0000] {standard_task_runner.py:105} INFO - Job 35: Subtask extract_from_azure
[2026-09-24T20:01:19.749+0000] {task_command.py:467} INFO - Running <TaskInstance: tradecorp_etl.extract_from_azure manual__2026-09-24T19:50:47.526505+00:00 [running]> on host 1686e2bf3e38
[2026-09-24T20:01:19.866+0000] {taskinstance.py:3122} INFO - Exporting env vars: AIRFLOW_CTX_DAG_OWNER='tradecorp_data_eng' AIRFLOW_CTX_DAG_ID='tradecorp_etl' AIRFLOW_CTX_TASK_ID='extract_from_azure' AIRFLOW_CTX_EXECUTION_DATE='2026-09-24T19:50:47.526505+00:00' AIRFLOW_CTX_TRY_NUMBER='3' AIRFLOW_CTX_DAG_RUN_ID='manual__2026-09-24T19:50:47.526505+00:00'
[2026-09-24T20:01:19.869+0000] {taskinstance.py:731} INFO - ::endgroup::
[2026-09-24T20:01:19.903+0000] {subprocess.py:63} INFO - Tmp dir root location: /tmp
[2026-09-24T20:01:19.907+0000] {subprocess.py:75} INFO - Running command: ['/usr/bin/bash', '-c', '/home/***/.local/bin/python /home/jovyan/src/reader.py']
[2026-09-24T20:01:19.931+0000] {subprocess.py:86} INFO - Output:
[2026-09-24T20:01:21.730+0000] {subprocess.py:93} INFO - 2026-09-24 20:01:21,730 - INFO - Request URL: 'https://zawlstorage.blob.core.windows.net/raw?restype=REDACTED&comp=REDACTED&include=REDACTED'
[2026-09-24T20:01:21.732+0000] {subprocess.py:93} INFO - Request method: 'GET'
[2026-09-24T20:01:21.735+0000] {subprocess.py:93} INFO - Request headers:
[2026-09-24T20:01:21.737+0000] {subprocess.py:93} INFO -     'x-ms-version': 'REDACTED'
[2026-09-24T20:01:21.739+0000] {subprocess.py:93} INFO -     'Accept': 'application/xml'
[2026-09-24T20:01:21.741+0000] {subprocess.py:93} INFO -     'User-Agent': 'azsdk-python-storage-blob/12.22.0 Python/3.11.9 (Linux-6.18.33.2-microsoft-standard-WSL2-x86_64-with-glibc2.36)'
[2026-09-24T20:01:21.743+0000] {subprocess.py:93} INFO -     'x-ms-date': 'REDACTED'
[2026-09-24T20:01:21.744+0000] {subprocess.py:93} INFO -     'x-ms-client-request-id': 'b6b4663a-b852-11f1-ae98-262f66e46483'
[2026-09-24T20:01:21.746+0000] {subprocess.py:93} INFO -     'Authorization': 'REDACTED'
[2026-09-24T20:01:21.748+0000] {subprocess.py:93} INFO - No body was attached to the request
[2026-09-24T20:01:21.880+0000] {subprocess.py:93} INFO - 2026-09-24 20:01:21,879 - INFO - Response status: 200
[2026-09-24T20:01:21.881+0000] {subprocess.py:93} INFO - Response headers:
[2026-09-24T20:01:21.883+0000] {subprocess.py:93} INFO -     'Transfer-Encoding': 'chunked'
[2026-09-24T20:01:21.885+0000] {subprocess.py:93} INFO -     'Content-Type': 'application/xml'
[2026-09-24T20:01:21.887+0000] {subprocess.py:93} INFO -     'Server': 'Windows-Azure-Blob/1.0 Microsoft-HTTPAPI/2.0'
[2026-09-24T20:01:21.888+0000] {subprocess.py:93} INFO -     'x-ms-request-id': '1e724377-d01e-0069-2b5f-4cfaa1000000'
[2026-09-24T20:01:21.890+0000] {subprocess.py:93} INFO -     'x-ms-client-request-id': 'b6b4663a-b852-11f1-ae98-262f66e46483'
[2026-09-24T20:01:21.891+0000] {subprocess.py:93} INFO -     'x-ms-version': 'REDACTED'
[2026-09-24T20:01:21.893+0000] {subprocess.py:93} INFO -     'Date': 'Thu, 24 Sep 2026 20:01:21 GMT'
[2026-09-24T20:01:21.902+0000] {subprocess.py:93} INFO - Traceback (most recent call last):
[2026-09-24T20:01:21.904+0000] {subprocess.py:93} INFO -   File "/home/jovyan/src/reader.py", line 110, in <module>
[2026-09-24T20:01:21.905+0000] {subprocess.py:93} INFO -     files = DataReader.download_azure_raw()
[2026-09-24T20:01:21.907+0000] {subprocess.py:93} INFO -             ^^^^^^^^^^^^^^^^^^^^^^^^^^^^^^^
[2026-09-24T20:01:21.908+0000] {subprocess.py:93} INFO -   File "/home/jovyan/src/reader.py", line 78, in download_azure_raw
[2026-09-24T20:01:21.910+0000] {subprocess.py:93} INFO -     with open(destination, "wb") as file:
[2026-09-24T20:01:21.912+0000] {subprocess.py:93} INFO -          ^^^^^^^^^^^^^^^^^^^^^^^
[2026-09-24T20:01:21.918+0000] {subprocess.py:93} INFO - PermissionError: [Errno 13] Permission denied: '/home/jovyan/src/data/azure_tradecorp_raw/books/bookstreamvault.csv'
[2026-09-24T20:01:22.064+0000] {subprocess.py:97} INFO - Command exited with return code 1
[2026-09-24T20:01:22.084+0000] {taskinstance.py:3301} ERROR - Task failed with exception
Traceback (most recent call last):
  File "/home/airflow/.local/lib/python3.11/site-packages/airflow/models/taskinstance.py", line 762, in _execute_task
    result = _execute_callable(context=context, **execute_callable_kwargs)
             ^^^^^^^^^^^^^^^^^^^^^^^^^^^^^^^^^^^^^^^^^^^^^^^^^^^^^^^^^^^^^
  File "/home/airflow/.local/lib/python3.11/site-packages/airflow/models/taskinstance.py", line 733, in _execute_callable
    return ExecutionCallableRunner(
           ^^^^^^^^^^^^^^^^^^^^^^^^
  File "/home/airflow/.local/lib/python3.11/site-packages/airflow/utils/operator_helpers.py", line 252, in run
    return self.func(*args, **kwargs)
           ^^^^^^^^^^^^^^^^^^^^^^^^^^
  File "/home/airflow/.local/lib/python3.11/site-packages/airflow/models/baseoperator.py", line 406, in wrapper
    return func(self, *args, **kwargs)
           ^^^^^^^^^^^^^^^^^^^^^^^^^^^
  File "/home/airflow/.local/lib/python3.11/site-packages/airflow/operators/bash.py", line 249, in execute
    raise AirflowException(
airflow.exceptions.AirflowException: Bash command failed. The command returned a non-zero exit code 1.
[2026-09-24T20:01:22.092+0000] {taskinstance.py:1225} INFO - Marking task as FAILED. dag_id=tradecorp_etl, task_id=extract_from_azure, run_id=manual__2026-09-24T19:50:47.526505+00:00, execution_date=20260924T195047, start_date=20260924T200119, end_date=20260924T200122
[2026-09-24T20:01:22.114+0000] {taskinstance.py:340} INFO - ::group::Post task execution logs
[2026-09-24T20:01:22.118+0000] {standard_task_runner.py:124} ERROR - Failed to execute job 35 for task extract_from_azure (Bash command failed. The command returned a non-zero exit code 1.; 632)
Traceback (most recent call last):
  File "/home/airflow/.local/lib/python3.11/site-packages/airflow/task/task_runner/standard_task_runner.py", line 117, in _start_by_fork
    ret = args.func(args, dag=self.dag)
          ^^^^^^^^^^^^^^^^^^^^^^^^^^^^^
  File "/home/airflow/.local/lib/python3.11/site-packages/airflow/cli/cli_config.py", line 49, in command
    return func(*args, **kwargs)
           ^^^^^^^^^^^^^^^^^^^^^
  File "/home/airflow/.local/lib/python3.11/site-packages/airflow/utils/cli.py", line 115, in wrapper
    return f(*args, **kwargs)
           ^^^^^^^^^^^^^^^^^^
  File "/home/airflow/.local/lib/python3.11/site-packages/airflow/cli/commands/task_command.py", line 483, in task_run
    task_return_code = _run_task_by_selected_method(args, _dag, ti)
                       ^^^^^^^^^^^^^^^^^^^^^^^^^^^^^^^^^^^^^^^^^^^^
  File "/home/airflow/.local/lib/python3.11/site-packages/airflow/cli/commands/task_command.py", line 256, in _run_task_by_selected_method
    return _run_raw_task(args, ti)
           ^^^^^^^^^^^^^^^^^^^^^^^
  File "/home/airflow/.local/lib/python3.11/site-packages/airflow/cli/commands/task_command.py", line 341, in _run_raw_task
    return ti._run_raw_task(
           ^^^^^^^^^^^^^^^^^
  File "/home/airflow/.local/lib/python3.11/site-packages/airflow/utils/session.py", line 97, in wrapper
    return func(*args, session=session, **kwargs)
           ^^^^^^^^^^^^^^^^^^^^^^^^^^^^^^^^^^^^^^
  File "/home/airflow/.local/lib/python3.11/site-packages/airflow/models/taskinstance.py", line 2995, in _run_raw_task
    return _run_raw_task(
           ^^^^^^^^^^^^^^
  File "/home/airflow/.local/lib/python3.11/site-packages/airflow/models/taskinstance.py", line 273, in _run_raw_task
    TaskInstance._execute_task_with_callbacks(
  File "/home/airflow/.local/lib/python3.11/site-packages/airflow/models/taskinstance.py", line 3149, in _execute_task_with_callbacks
    result = self._execute_task(context, task_orig)
             ^^^^^^^^^^^^^^^^^^^^^^^^^^^^^^^^^^^^^^
  File "/home/airflow/.local/lib/python3.11/site-packages/airflow/models/taskinstance.py", line 3173, in _execute_task
    return _execute_task(self, context, task_orig)
           ^^^^^^^^^^^^^^^^^^^^^^^^^^^^^^^^^^^^^^^
  File "/home/airflow/.local/lib/python3.11/site-packages/airflow/models/taskinstance.py", line 762, in _execute_task
    result = _execute_callable(context=context, **execute_callable_kwargs)
             ^^^^^^^^^^^^^^^^^^^^^^^^^^^^^^^^^^^^^^^^^^^^^^^^^^^^^^^^^^^^^
  File "/home/airflow/.local/lib/python3.11/site-packages/airflow/models/taskinstance.py", line 733, in _execute_callable
    return ExecutionCallableRunner(
           ^^^^^^^^^^^^^^^^^^^^^^^^
  File "/home/airflow/.local/lib/python3.11/site-packages/airflow/utils/operator_helpers.py", line 252, in run
    return self.func(*args, **kwargs)
           ^^^^^^^^^^^^^^^^^^^^^^^^^^
  File "/home/airflow/.local/lib/python3.11/site-packages/airflow/models/baseoperator.py", line 406, in wrapper
    return func(self, *args, **kwargs)
           ^^^^^^^^^^^^^^^^^^^^^^^^^^^
  File "/home/airflow/.local/lib/python3.11/site-packages/airflow/operators/bash.py", line 249, in execute
    raise AirflowException(
airflow.exceptions.AirflowException: Bash command failed. The command returned a non-zero exit code 1.
[2026-09-24T20:01:22.160+0000] {local_task_job_runner.py:261} INFO - Task exited with return code 1
[2026-09-24T20:01:22.191+0000] {taskinstance.py:3891} INFO - 0 downstream tasks scheduled from follow-on schedule check
[2026-09-24T20:01:22.198+0000] {local_task_job_runner.py:240} INFO - ::endgroup::
