[2026-09-25T21:20:55.689+0000] {local_task_job_runner.py:123} INFO - ::group::Pre task execution logs
[2026-09-25T21:20:55.714+0000] {taskinstance.py:2614} INFO - Dependencies all met for dep_context=non-requeueable deps ti=<TaskInstance: tradecorp_etl.extract_from_azure manual__2026-09-25T21:14:26.638662+00:00 [queued]>
[2026-09-25T21:20:55.747+0000] {taskinstance.py:2614} INFO - Dependencies all met for dep_context=requeueable deps ti=<TaskInstance: tradecorp_etl.extract_from_azure manual__2026-09-25T21:14:26.638662+00:00 [queued]>
[2026-09-25T21:20:55.752+0000] {taskinstance.py:2867} INFO - Starting attempt 1 of 3
[2026-09-25T21:20:55.781+0000] {taskinstance.py:2890} INFO - Executing <Task(BashOperator): extract_from_azure> on 2026-09-25 21:14:26.638662+00:00
[2026-09-25T21:20:55.794+0000] {standard_task_runner.py:104} INFO - Running: ['***', 'tasks', 'run', 'tradecorp_etl', 'extract_from_azure', 'manual__2026-09-25T21:14:26.638662+00:00', '--job-id', '8', '--raw', '--subdir', 'DAGS_FOLDER/tradecorp_pipeline.py', '--cfg-path', '/tmp/tmpn7o8wyxs']
[2026-09-25T21:20:55.797+0000] {logging_mixin.py:190} WARNING - /home/***/.local/lib/python3.12/site-packages/***/task/task_runner/standard_task_runner.py:70 DeprecationWarning: This process (pid=1049) is multi-threaded, use of fork() may lead to deadlocks in the child.
[2026-09-25T21:20:55.798+0000] {standard_task_runner.py:105} INFO - Job 8: Subtask extract_from_azure
[2026-09-25T21:20:55.888+0000] {standard_task_runner.py:72} INFO - Started process 1057 to run task
[2026-09-25T21:20:55.971+0000] {task_command.py:467} INFO - Running <TaskInstance: tradecorp_etl.extract_from_azure manual__2026-09-25T21:14:26.638662+00:00 [running]> on host 19cad8c1b283
[2026-09-25T21:20:56.113+0000] {taskinstance.py:3134} INFO - Exporting env vars: AIRFLOW_CTX_DAG_OWNER='tradecorp_data_eng' AIRFLOW_CTX_DAG_ID='tradecorp_etl' AIRFLOW_CTX_TASK_ID='extract_from_azure' AIRFLOW_CTX_EXECUTION_DATE='2026-09-25T21:14:26.638662+00:00' AIRFLOW_CTX_TRY_NUMBER='1' AIRFLOW_CTX_DAG_RUN_ID='manual__2026-09-25T21:14:26.638662+00:00'
[2026-09-25T21:20:56.217+0000] {taskinstance.py:732} INFO - ::endgroup::
[2026-09-25T21:20:56.235+0000] {subprocess.py:78} INFO - Tmp dir root location: /tmp
[2026-09-25T21:20:56.272+0000] {subprocess.py:88} INFO - Running command: ['/usr/bin/bash', '-c', '/home/***/.local/bin/python /home/jovyan/src/reader.py']
[2026-09-25T21:20:56.293+0000] {subprocess.py:99} INFO - Output:
[2026-09-25T21:20:57.635+0000] {subprocess.py:106} INFO - 2026-09-25 21:20:57,635 - INFO - Request URL: 'https://zawlstorage.blob.core.windows.net/raw?restype=REDACTED&comp=REDACTED&include=REDACTED'
[2026-09-25T21:20:57.636+0000] {subprocess.py:106} INFO - Request method: 'GET'
[2026-09-25T21:20:57.809+0000] {subprocess.py:106} INFO - Request headers:
[2026-09-25T21:20:57.994+0000] {subprocess.py:106} INFO -     'x-ms-version': 'REDACTED'
[2026-09-25T21:20:58.113+0000] {subprocess.py:106} INFO -     'Accept': 'application/xml'
[2026-09-25T21:20:58.269+0000] {subprocess.py:106} INFO -     'User-Agent': 'azsdk-python-storage-blob/12.22.0 Python/3.12.9 (Linux-6.18.33.2-microsoft-standard-WSL2-x86_64-with-glibc2.36)'
[2026-09-25T21:20:58.271+0000] {subprocess.py:106} INFO -     'x-ms-date': 'REDACTED'
[2026-09-25T21:20:58.272+0000] {subprocess.py:106} INFO -     'x-ms-client-request-id': 'ffc76726-b926-11f1-93a1-7a0418f3a102'
[2026-09-25T21:20:58.274+0000] {subprocess.py:106} INFO -     'Authorization': 'REDACTED'
[2026-09-25T21:20:58.275+0000] {subprocess.py:106} INFO - No body was attached to the request
[2026-09-25T21:20:58.276+0000] {subprocess.py:106} INFO - 2026-09-25 21:20:57,914 - INFO - Response status: 200
[2026-09-25T21:20:58.278+0000] {subprocess.py:106} INFO - Response headers:
[2026-09-25T21:20:58.279+0000] {subprocess.py:106} INFO -     'Transfer-Encoding': 'chunked'
[2026-09-25T21:20:58.280+0000] {subprocess.py:106} INFO -     'Content-Type': 'application/xml'
[2026-09-25T21:20:58.282+0000] {subprocess.py:106} INFO -     'Server': 'Windows-Azure-Blob/1.0 Microsoft-HTTPAPI/2.0'
[2026-09-25T21:20:58.283+0000] {subprocess.py:106} INFO -     'x-ms-request-id': 'e78315bb-701e-004f-0833-4db2b9000000'
[2026-09-25T21:20:58.285+0000] {subprocess.py:106} INFO -     'x-ms-client-request-id': 'ffc76726-b926-11f1-93a1-7a0418f3a102'
[2026-09-25T21:20:58.434+0000] {subprocess.py:106} INFO -     'x-ms-version': 'REDACTED'
[2026-09-25T21:20:58.435+0000] {subprocess.py:106} INFO -     'Date': 'Fri, 25 Sep 2026 21:20:57 GMT'
[2026-09-25T21:20:58.483+0000] {subprocess.py:106} INFO - Traceback (most recent call last):
[2026-09-25T21:20:58.493+0000] {subprocess.py:106} INFO -   File "/home/jovyan/src/reader.py", line 110, in <module>
[2026-09-25T21:20:58.495+0000] {subprocess.py:106} INFO -     files = DataReader.download_azure_raw()
[2026-09-25T21:20:58.497+0000] {subprocess.py:106} INFO -             ^^^^^^^^^^^^^^^^^^^^^^^^^^^^^^^
[2026-09-25T21:20:58.499+0000] {subprocess.py:106} INFO -   File "/home/jovyan/src/reader.py", line 78, in download_azure_raw
[2026-09-25T21:20:58.500+0000] {subprocess.py:106} INFO -     with open(destination, "wb") as file:
[2026-09-25T21:20:58.502+0000] {subprocess.py:106} INFO -          ^^^^^^^^^^^^^^^^^^^^^^^
[2026-09-25T21:20:58.504+0000] {subprocess.py:106} INFO - PermissionError: [Errno 13] Permission denied: '/home/jovyan/src/data/azure_tradecorp_raw/categories.csv'
[2026-09-25T21:20:58.616+0000] {subprocess.py:110} INFO - Command exited with return code 1
[2026-09-25T21:20:58.633+0000] {taskinstance.py:3313} ERROR - Task failed with exception
Traceback (most recent call last):
  File "/home/airflow/.local/lib/python3.12/site-packages/airflow/models/taskinstance.py", line 763, in _execute_task
    result = _execute_callable(context=context, **execute_callable_kwargs)
             ^^^^^^^^^^^^^^^^^^^^^^^^^^^^^^^^^^^^^^^^^^^^^^^^^^^^^^^^^^^^^
  File "/home/airflow/.local/lib/python3.12/site-packages/airflow/models/taskinstance.py", line 734, in _execute_callable
    return ExecutionCallableRunner(
           ^^^^^^^^^^^^^^^^^^^^^^^^
  File "/home/airflow/.local/lib/python3.12/site-packages/airflow/utils/operator_helpers.py", line 252, in run
    return self.func(*args, **kwargs)
           ^^^^^^^^^^^^^^^^^^^^^^^^^^
  File "/home/airflow/.local/lib/python3.12/site-packages/airflow/models/baseoperator.py", line 424, in wrapper
    return func(self, *args, **kwargs)
           ^^^^^^^^^^^^^^^^^^^^^^^^^^^
  File "/home/airflow/.local/lib/python3.12/site-packages/airflow/operators/bash.py", line 276, in execute
    raise AirflowException(
airflow.exceptions.AirflowException: Bash command failed. The command returned a non-zero exit code 1.
[2026-09-25T21:20:58.645+0000] {taskinstance.py:1226} INFO - Marking task as UP_FOR_RETRY. dag_id=tradecorp_etl, task_id=extract_from_azure, run_id=manual__2026-09-25T21:14:26.638662+00:00, execution_date=20260925T211426, start_date=20260925T212055, end_date=20260925T212058
[2026-09-25T21:20:58.713+0000] {taskinstance.py:341} INFO - ::group::Post task execution logs
[2026-09-25T21:20:58.812+0000] {standard_task_runner.py:124} ERROR - Failed to execute job 8 for task extract_from_azure (Bash command failed. The command returned a non-zero exit code 1.; 1057)
Traceback (most recent call last):
  File "/home/airflow/.local/lib/python3.12/site-packages/airflow/task/task_runner/standard_task_runner.py", line 117, in _start_by_fork
    ret = args.func(args, dag=self.dag)
          ^^^^^^^^^^^^^^^^^^^^^^^^^^^^^
  File "/home/airflow/.local/lib/python3.12/site-packages/airflow/cli/cli_config.py", line 49, in command
    return func(*args, **kwargs)
           ^^^^^^^^^^^^^^^^^^^^^
  File "/home/airflow/.local/lib/python3.12/site-packages/airflow/utils/cli.py", line 116, in wrapper
    return f(*args, **kwargs)
           ^^^^^^^^^^^^^^^^^^
  File "/home/airflow/.local/lib/python3.12/site-packages/airflow/cli/commands/task_command.py", line 483, in task_run
    task_return_code = _run_task_by_selected_method(args, _dag, ti)
                       ^^^^^^^^^^^^^^^^^^^^^^^^^^^^^^^^^^^^^^^^^^^^
  File "/home/airflow/.local/lib/python3.12/site-packages/airflow/cli/commands/task_command.py", line 256, in _run_task_by_selected_method
    return _run_raw_task(args, ti)
           ^^^^^^^^^^^^^^^^^^^^^^^
  File "/home/airflow/.local/lib/python3.12/site-packages/airflow/cli/commands/task_command.py", line 341, in _run_raw_task
    return ti._run_raw_task(
           ^^^^^^^^^^^^^^^^^
  File "/home/airflow/.local/lib/python3.12/site-packages/airflow/utils/session.py", line 97, in wrapper
    return func(*args, session=session, **kwargs)
           ^^^^^^^^^^^^^^^^^^^^^^^^^^^^^^^^^^^^^^
  File "/home/airflow/.local/lib/python3.12/site-packages/airflow/models/taskinstance.py", line 3006, in _run_raw_task
    return _run_raw_task(
           ^^^^^^^^^^^^^^
  File "/home/airflow/.local/lib/python3.12/site-packages/airflow/models/taskinstance.py", line 274, in _run_raw_task
    TaskInstance._execute_task_with_callbacks(
  File "/home/airflow/.local/lib/python3.12/site-packages/airflow/models/taskinstance.py", line 3161, in _execute_task_with_callbacks
    result = self._execute_task(context, task_orig)
             ^^^^^^^^^^^^^^^^^^^^^^^^^^^^^^^^^^^^^^
  File "/home/airflow/.local/lib/python3.12/site-packages/airflow/models/taskinstance.py", line 3185, in _execute_task
    return _execute_task(self, context, task_orig)
           ^^^^^^^^^^^^^^^^^^^^^^^^^^^^^^^^^^^^^^^
  File "/home/airflow/.local/lib/python3.12/site-packages/airflow/models/taskinstance.py", line 763, in _execute_task
    result = _execute_callable(context=context, **execute_callable_kwargs)
             ^^^^^^^^^^^^^^^^^^^^^^^^^^^^^^^^^^^^^^^^^^^^^^^^^^^^^^^^^^^^^
  File "/home/airflow/.local/lib/python3.12/site-packages/airflow/models/taskinstance.py", line 734, in _execute_callable
    return ExecutionCallableRunner(
           ^^^^^^^^^^^^^^^^^^^^^^^^
  File "/home/airflow/.local/lib/python3.12/site-packages/airflow/utils/operator_helpers.py", line 252, in run
    return self.func(*args, **kwargs)
           ^^^^^^^^^^^^^^^^^^^^^^^^^^
  File "/home/airflow/.local/lib/python3.12/site-packages/airflow/models/baseoperator.py", line 424, in wrapper
    return func(self, *args, **kwargs)
           ^^^^^^^^^^^^^^^^^^^^^^^^^^^
  File "/home/airflow/.local/lib/python3.12/site-packages/airflow/operators/bash.py", line 276, in execute
    raise AirflowException(
airflow.exceptions.AirflowException: Bash command failed. The command returned a non-zero exit code 1.
[2026-09-25T21:20:58.856+0000] {local_task_job_runner.py:266} INFO - Task exited with return code 1
[2026-09-25T21:20:58.890+0000] {taskinstance.py:3901} INFO - 0 downstream tasks scheduled from follow-on schedule check
[2026-09-25T21:20:58.895+0000] {local_task_job_runner.py:245} INFO - ::endgroup::
