[2026-09-26T10:02:16.467+0000] {local_task_job_runner.py:123} INFO - ::group::Pre task execution logs
[2026-09-26T10:02:16.490+0000] {taskinstance.py:2614} INFO - Dependencies all met for dep_context=non-requeueable deps ti=<TaskInstance: tradecorp_etl.extract_from_azure scheduled__2026-09-25T00:00:00+00:00 [queued]>
[2026-09-26T10:02:16.501+0000] {taskinstance.py:2614} INFO - Dependencies all met for dep_context=requeueable deps ti=<TaskInstance: tradecorp_etl.extract_from_azure scheduled__2026-09-25T00:00:00+00:00 [queued]>
[2026-09-26T10:02:16.503+0000] {taskinstance.py:2867} INFO - Starting attempt 2 of 3
[2026-09-26T10:02:16.519+0000] {taskinstance.py:2890} INFO - Executing <Task(BashOperator): extract_from_azure> on 2026-09-25 00:00:00+00:00
[2026-09-26T10:02:16.532+0000] {standard_task_runner.py:104} INFO - Running: ['***', 'tasks', 'run', 'tradecorp_etl', 'extract_from_azure', 'scheduled__2026-09-25T00:00:00+00:00', '--job-id', '12', '--raw', '--subdir', 'DAGS_FOLDER/tradecorp_pipeline.py', '--cfg-path', '/tmp/tmpdwhwz6al']
[2026-09-26T10:02:16.535+0000] {logging_mixin.py:190} WARNING - /home/***/.local/lib/python3.12/site-packages/***/task/task_runner/standard_task_runner.py:70 DeprecationWarning: This process (pid=1975) is multi-threaded, use of fork() may lead to deadlocks in the child.
[2026-09-26T10:02:16.535+0000] {standard_task_runner.py:105} INFO - Job 12: Subtask extract_from_azure
[2026-09-26T10:02:16.536+0000] {standard_task_runner.py:72} INFO - Started process 1976 to run task
[2026-09-26T10:02:16.603+0000] {task_command.py:467} INFO - Running <TaskInstance: tradecorp_etl.extract_from_azure scheduled__2026-09-25T00:00:00+00:00 [running]> on host 19cad8c1b283
[2026-09-26T10:02:16.712+0000] {taskinstance.py:3134} INFO - Exporting env vars: AIRFLOW_CTX_DAG_OWNER='tradecorp_data_eng' AIRFLOW_CTX_DAG_ID='tradecorp_etl' AIRFLOW_CTX_TASK_ID='extract_from_azure' AIRFLOW_CTX_EXECUTION_DATE='2026-09-25T00:00:00+00:00' AIRFLOW_CTX_TRY_NUMBER='2' AIRFLOW_CTX_DAG_RUN_ID='scheduled__2026-09-25T00:00:00+00:00'
[2026-09-26T10:02:16.714+0000] {taskinstance.py:732} INFO - ::endgroup::
[2026-09-26T10:02:16.733+0000] {subprocess.py:78} INFO - Tmp dir root location: /tmp
[2026-09-26T10:02:16.736+0000] {subprocess.py:88} INFO - Running command: ['/usr/bin/bash', '-c', '/home/***/.local/bin/python /home/jovyan/src/reader.py']
[2026-09-26T10:02:16.759+0000] {subprocess.py:99} INFO - Output:
[2026-09-26T10:02:18.139+0000] {subprocess.py:106} INFO - 2026-09-26 10:02:18,139 - INFO - Request URL: 'https://zawlstorage.blob.core.windows.net/raw?restype=REDACTED&comp=REDACTED&include=REDACTED'
[2026-09-26T10:02:18.140+0000] {subprocess.py:106} INFO - Request method: 'GET'
[2026-09-26T10:02:18.142+0000] {subprocess.py:106} INFO - Request headers:
[2026-09-26T10:02:18.143+0000] {subprocess.py:106} INFO -     'x-ms-version': 'REDACTED'
[2026-09-26T10:02:18.145+0000] {subprocess.py:106} INFO -     'Accept': 'application/xml'
[2026-09-26T10:02:18.146+0000] {subprocess.py:106} INFO -     'User-Agent': 'azsdk-python-storage-blob/12.22.0 Python/3.12.9 (Linux-6.18.33.2-microsoft-standard-WSL2-x86_64-with-glibc2.36)'
[2026-09-26T10:02:18.147+0000] {subprocess.py:106} INFO -     'x-ms-date': 'REDACTED'
[2026-09-26T10:02:18.148+0000] {subprocess.py:106} INFO -     'x-ms-client-request-id': '5b7b24bc-b991-11f1-9f6a-7a0418f3a102'
[2026-09-26T10:02:18.150+0000] {subprocess.py:106} INFO -     'Authorization': 'REDACTED'
[2026-09-26T10:02:18.151+0000] {subprocess.py:106} INFO - No body was attached to the request
[2026-09-26T10:02:18.289+0000] {subprocess.py:106} INFO - 2026-09-26 10:02:18,288 - INFO - Response status: 200
[2026-09-26T10:02:18.290+0000] {subprocess.py:106} INFO - Response headers:
[2026-09-26T10:02:18.291+0000] {subprocess.py:106} INFO -     'Transfer-Encoding': 'chunked'
[2026-09-26T10:02:18.292+0000] {subprocess.py:106} INFO -     'Content-Type': 'application/xml'
[2026-09-26T10:02:18.294+0000] {subprocess.py:106} INFO -     'Server': 'Windows-Azure-Blob/1.0 Microsoft-HTTPAPI/2.0'
[2026-09-26T10:02:18.295+0000] {subprocess.py:106} INFO -     'x-ms-request-id': '166bf2e7-701e-00c9-259e-4d7e00000000'
[2026-09-26T10:02:18.296+0000] {subprocess.py:106} INFO -     'x-ms-client-request-id': '5b7b24bc-b991-11f1-9f6a-7a0418f3a102'
[2026-09-26T10:02:18.297+0000] {subprocess.py:106} INFO -     'x-ms-version': 'REDACTED'
[2026-09-26T10:02:18.298+0000] {subprocess.py:106} INFO -     'Date': 'Sat, 26 Sep 2026 10:02:18 GMT'
[2026-09-26T10:02:18.308+0000] {subprocess.py:106} INFO - Traceback (most recent call last):
[2026-09-26T10:02:18.309+0000] {subprocess.py:106} INFO -   File "/home/jovyan/src/reader.py", line 110, in <module>
[2026-09-26T10:02:18.311+0000] {subprocess.py:106} INFO -     files = DataReader.download_azure_raw()
[2026-09-26T10:02:18.313+0000] {subprocess.py:106} INFO -             ^^^^^^^^^^^^^^^^^^^^^^^^^^^^^^^
[2026-09-26T10:02:18.314+0000] {subprocess.py:106} INFO -   File "/home/jovyan/src/reader.py", line 78, in download_azure_raw
[2026-09-26T10:02:18.315+0000] {subprocess.py:106} INFO -     with open(destination, "wb") as file:
[2026-09-26T10:02:18.316+0000] {subprocess.py:106} INFO -          ^^^^^^^^^^^^^^^^^^^^^^^
[2026-09-26T10:02:18.317+0000] {subprocess.py:106} INFO - PermissionError: [Errno 13] Permission denied: '/home/jovyan/src/data/azure_tradecorp_raw/categories.csv'
[2026-09-26T10:02:18.477+0000] {subprocess.py:110} INFO - Command exited with return code 1
[2026-09-26T10:02:18.492+0000] {taskinstance.py:3313} ERROR - Task failed with exception
Traceback (most recent call last):
  File "/home/airflow/.local/lib/python3.12/site-packages/airflow/models/taskinstance.py", line 763, in _execute_task
    result = _execute_callable(context=context, **execute_callable_kwargs)
             ^^^^^^^^^^^^^^^^^^^^^^^^^^^^^^^^^^^^^^^^^^^^^^^^^^^^^^^^^^^^^
  File "/home/airflow/.local/lib/python3.12/site-packages/airflow/models/taskinstance.py", line 734, in _execute_callable
    return ExecutionCallableRunner(
           ^^^^^^^^^^^^^^^^^^^^^^^^
  File "/home/airflow/.local/lib/python3.12/site-packages/airflow/utils/operator_helpers.py", line 252, in run
    return self.func(*args, **kwargs)
           ^^^^^^^^^^^^^^^^^^^^^^^^^^
  File "/home/airflow/.local/lib/python3.12/site-packages/airflow/models/baseoperator.py", line 424, in wrapper
    return func(self, *args, **kwargs)
           ^^^^^^^^^^^^^^^^^^^^^^^^^^^
  File "/home/airflow/.local/lib/python3.12/site-packages/airflow/operators/bash.py", line 276, in execute
    raise AirflowException(
airflow.exceptions.AirflowException: Bash command failed. The command returned a non-zero exit code 1.
[2026-09-26T10:02:18.501+0000] {taskinstance.py:1226} INFO - Marking task as UP_FOR_RETRY. dag_id=tradecorp_etl, task_id=extract_from_azure, run_id=scheduled__2026-09-25T00:00:00+00:00, execution_date=20260925T000000, start_date=20260926T100216, end_date=20260926T100218
[2026-09-26T10:02:18.547+0000] {taskinstance.py:341} INFO - ::group::Post task execution logs
[2026-09-26T10:02:18.548+0000] {standard_task_runner.py:124} ERROR - Failed to execute job 12 for task extract_from_azure (Bash command failed. The command returned a non-zero exit code 1.; 1976)
Traceback (most recent call last):
  File "/home/airflow/.local/lib/python3.12/site-packages/airflow/task/task_runner/standard_task_runner.py", line 117, in _start_by_fork
    ret = args.func(args, dag=self.dag)
          ^^^^^^^^^^^^^^^^^^^^^^^^^^^^^
  File "/home/airflow/.local/lib/python3.12/site-packages/airflow/cli/cli_config.py", line 49, in command
    return func(*args, **kwargs)
           ^^^^^^^^^^^^^^^^^^^^^
  File "/home/airflow/.local/lib/python3.12/site-packages/airflow/utils/cli.py", line 116, in wrapper
    return f(*args, **kwargs)
           ^^^^^^^^^^^^^^^^^^
  File "/home/airflow/.local/lib/python3.12/site-packages/airflow/cli/commands/task_command.py", line 483, in task_run
    task_return_code = _run_task_by_selected_method(args, _dag, ti)
                       ^^^^^^^^^^^^^^^^^^^^^^^^^^^^^^^^^^^^^^^^^^^^
  File "/home/airflow/.local/lib/python3.12/site-packages/airflow/cli/commands/task_command.py", line 256, in _run_task_by_selected_method
    return _run_raw_task(args, ti)
           ^^^^^^^^^^^^^^^^^^^^^^^
  File "/home/airflow/.local/lib/python3.12/site-packages/airflow/cli/commands/task_command.py", line 341, in _run_raw_task
    return ti._run_raw_task(
           ^^^^^^^^^^^^^^^^^
  File "/home/airflow/.local/lib/python3.12/site-packages/airflow/utils/session.py", line 97, in wrapper
    return func(*args, session=session, **kwargs)
           ^^^^^^^^^^^^^^^^^^^^^^^^^^^^^^^^^^^^^^
  File "/home/airflow/.local/lib/python3.12/site-packages/airflow/models/taskinstance.py", line 3006, in _run_raw_task
    return _run_raw_task(
           ^^^^^^^^^^^^^^
  File "/home/airflow/.local/lib/python3.12/site-packages/airflow/models/taskinstance.py", line 274, in _run_raw_task
    TaskInstance._execute_task_with_callbacks(
  File "/home/airflow/.local/lib/python3.12/site-packages/airflow/models/taskinstance.py", line 3161, in _execute_task_with_callbacks
    result = self._execute_task(context, task_orig)
             ^^^^^^^^^^^^^^^^^^^^^^^^^^^^^^^^^^^^^^
  File "/home/airflow/.local/lib/python3.12/site-packages/airflow/models/taskinstance.py", line 3185, in _execute_task
    return _execute_task(self, context, task_orig)
           ^^^^^^^^^^^^^^^^^^^^^^^^^^^^^^^^^^^^^^^
  File "/home/airflow/.local/lib/python3.12/site-packages/airflow/models/taskinstance.py", line 763, in _execute_task
    result = _execute_callable(context=context, **execute_callable_kwargs)
             ^^^^^^^^^^^^^^^^^^^^^^^^^^^^^^^^^^^^^^^^^^^^^^^^^^^^^^^^^^^^^
  File "/home/airflow/.local/lib/python3.12/site-packages/airflow/models/taskinstance.py", line 734, in _execute_callable
    return ExecutionCallableRunner(
           ^^^^^^^^^^^^^^^^^^^^^^^^
  File "/home/airflow/.local/lib/python3.12/site-packages/airflow/utils/operator_helpers.py", line 252, in run
    return self.func(*args, **kwargs)
           ^^^^^^^^^^^^^^^^^^^^^^^^^^
  File "/home/airflow/.local/lib/python3.12/site-packages/airflow/models/baseoperator.py", line 424, in wrapper
    return func(self, *args, **kwargs)
           ^^^^^^^^^^^^^^^^^^^^^^^^^^^
  File "/home/airflow/.local/lib/python3.12/site-packages/airflow/operators/bash.py", line 276, in execute
    raise AirflowException(
airflow.exceptions.AirflowException: Bash command failed. The command returned a non-zero exit code 1.
[2026-09-26T10:02:18.601+0000] {local_task_job_runner.py:266} INFO - Task exited with return code 1
[2026-09-26T10:02:18.628+0000] {taskinstance.py:3901} INFO - 0 downstream tasks scheduled from follow-on schedule check
[2026-09-26T10:02:18.631+0000] {local_task_job_runner.py:245} INFO - ::endgroup::
