[2026-09-25T08:30:11.363+0000] {local_task_job_runner.py:123} INFO - ::group::Pre task execution logs
[2026-09-25T08:30:11.421+0000] {taskinstance.py:2603} INFO - Dependencies all met for dep_context=non-requeueable deps ti=<TaskInstance: tradecorp_etl.extract_from_azure scheduled__2026-09-24T00:00:00+00:00 [queued]>
[2026-09-25T08:30:11.450+0000] {taskinstance.py:2603} INFO - Dependencies all met for dep_context=requeueable deps ti=<TaskInstance: tradecorp_etl.extract_from_azure scheduled__2026-09-24T00:00:00+00:00 [queued]>
[2026-09-25T08:30:11.452+0000] {taskinstance.py:2856} INFO - Starting attempt 1 of 3
[2026-09-25T08:30:11.495+0000] {taskinstance.py:2879} INFO - Executing <Task(BashOperator): extract_from_azure> on 2026-09-24 00:00:00+00:00
[2026-09-25T08:30:11.510+0000] {standard_task_runner.py:72} INFO - Started process 610 to run task
[2026-09-25T08:30:11.515+0000] {standard_task_runner.py:104} INFO - Running: ['***', 'tasks', 'run', 'tradecorp_etl', 'extract_from_azure', 'scheduled__2026-09-24T00:00:00+00:00', '--job-id', '2', '--raw', '--subdir', 'DAGS_FOLDER/tradecorp_pipeline.py', '--cfg-path', '/tmp/tmp83q6ujdl']
[2026-09-25T08:30:11.520+0000] {standard_task_runner.py:105} INFO - Job 2: Subtask extract_from_azure
[2026-09-25T08:30:11.668+0000] {task_command.py:467} INFO - Running <TaskInstance: tradecorp_etl.extract_from_azure scheduled__2026-09-24T00:00:00+00:00 [running]> on host afd995bbc8e3
[2026-09-25T08:30:11.883+0000] {taskinstance.py:3122} INFO - Exporting env vars: AIRFLOW_CTX_DAG_OWNER='tradecorp_data_eng' AIRFLOW_CTX_DAG_ID='tradecorp_etl' AIRFLOW_CTX_TASK_ID='extract_from_azure' AIRFLOW_CTX_EXECUTION_DATE='2026-09-24T00:00:00+00:00' AIRFLOW_CTX_TRY_NUMBER='1' AIRFLOW_CTX_DAG_RUN_ID='scheduled__2026-09-24T00:00:00+00:00'
[2026-09-25T08:30:11.887+0000] {taskinstance.py:731} INFO - ::endgroup::
[2026-09-25T08:30:11.955+0000] {subprocess.py:63} INFO - Tmp dir root location: /tmp
[2026-09-25T08:30:11.959+0000] {subprocess.py:75} INFO - Running command: ['/usr/bin/bash', '-c', '/home/***/.local/bin/python /home/jovyan/src/reader.py']
[2026-09-25T08:30:11.985+0000] {subprocess.py:86} INFO - Output:
[2026-09-25T08:30:14.259+0000] {subprocess.py:93} INFO - 2026-09-25 08:30:14,258 - INFO - Request URL: 'https://zawlstorage.blob.core.windows.net/raw?restype=REDACTED&comp=REDACTED&include=REDACTED'
[2026-09-25T08:30:14.261+0000] {subprocess.py:93} INFO - Request method: 'GET'
[2026-09-25T08:30:14.263+0000] {subprocess.py:93} INFO - Request headers:
[2026-09-25T08:30:14.265+0000] {subprocess.py:93} INFO -     'x-ms-version': 'REDACTED'
[2026-09-25T08:30:14.267+0000] {subprocess.py:93} INFO -     'Accept': 'application/xml'
[2026-09-25T08:30:14.269+0000] {subprocess.py:93} INFO -     'User-Agent': 'azsdk-python-storage-blob/12.22.0 Python/3.11.11 (Linux-6.18.33.2-microsoft-standard-WSL2-x86_64-with-glibc2.36)'
[2026-09-25T08:30:14.271+0000] {subprocess.py:93} INFO -     'x-ms-date': 'REDACTED'
[2026-09-25T08:30:14.273+0000] {subprocess.py:93} INFO -     'x-ms-client-request-id': '54941086-b8bb-11f1-a387-82c878e93bd9'
[2026-09-25T08:30:14.275+0000] {subprocess.py:93} INFO -     'Authorization': 'REDACTED'
[2026-09-25T08:30:14.277+0000] {subprocess.py:93} INFO - No body was attached to the request
[2026-09-25T08:30:14.449+0000] {subprocess.py:93} INFO - 2026-09-25 08:30:14,449 - INFO - Response status: 200
[2026-09-25T08:30:14.451+0000] {subprocess.py:93} INFO - Response headers:
[2026-09-25T08:30:14.454+0000] {subprocess.py:93} INFO -     'Transfer-Encoding': 'chunked'
[2026-09-25T08:30:14.456+0000] {subprocess.py:93} INFO -     'Content-Type': 'application/xml'
[2026-09-25T08:30:14.458+0000] {subprocess.py:93} INFO -     'Server': 'Windows-Azure-Blob/1.0 Microsoft-HTTPAPI/2.0'
[2026-09-25T08:30:14.460+0000] {subprocess.py:93} INFO -     'x-ms-request-id': 'a401d8d9-301e-002c-44c8-4c2f42000000'
[2026-09-25T08:30:14.463+0000] {subprocess.py:93} INFO -     'x-ms-client-request-id': '54941086-b8bb-11f1-a387-82c878e93bd9'
[2026-09-25T08:30:14.465+0000] {subprocess.py:93} INFO -     'x-ms-version': 'REDACTED'
[2026-09-25T08:30:14.467+0000] {subprocess.py:93} INFO -     'Date': 'Fri, 25 Sep 2026 08:30:14 GMT'
[2026-09-25T08:30:14.490+0000] {subprocess.py:93} INFO - Traceback (most recent call last):
[2026-09-25T08:30:14.493+0000] {subprocess.py:93} INFO -   File "/home/jovyan/src/reader.py", line 110, in <module>
[2026-09-25T08:30:14.496+0000] {subprocess.py:93} INFO -     files = DataReader.download_azure_raw()
[2026-09-25T08:30:14.498+0000] {subprocess.py:93} INFO -             ^^^^^^^^^^^^^^^^^^^^^^^^^^^^^^^
[2026-09-25T08:30:14.501+0000] {subprocess.py:93} INFO -   File "/home/jovyan/src/reader.py", line 78, in download_azure_raw
[2026-09-25T08:30:14.504+0000] {subprocess.py:93} INFO -     with open(destination, "wb") as file:
[2026-09-25T08:30:14.507+0000] {subprocess.py:93} INFO -          ^^^^^^^^^^^^^^^^^^^^^^^
[2026-09-25T08:30:14.511+0000] {subprocess.py:93} INFO - PermissionError: [Errno 13] Permission denied: '/home/jovyan/src/data/azure_tradecorp_raw/books/bookstreamvault.csv'
[2026-09-25T08:30:14.777+0000] {subprocess.py:97} INFO - Command exited with return code 1
[2026-09-25T08:30:14.801+0000] {taskinstance.py:3301} ERROR - Task failed with exception
Traceback (most recent call last):
  File "/home/airflow/.local/lib/python3.11/site-packages/airflow/models/taskinstance.py", line 762, in _execute_task
    result = _execute_callable(context=context, **execute_callable_kwargs)
             ^^^^^^^^^^^^^^^^^^^^^^^^^^^^^^^^^^^^^^^^^^^^^^^^^^^^^^^^^^^^^
  File "/home/airflow/.local/lib/python3.11/site-packages/airflow/models/taskinstance.py", line 733, in _execute_callable
    return ExecutionCallableRunner(
           ^^^^^^^^^^^^^^^^^^^^^^^^
  File "/home/airflow/.local/lib/python3.11/site-packages/airflow/utils/operator_helpers.py", line 252, in run
    return self.func(*args, **kwargs)
           ^^^^^^^^^^^^^^^^^^^^^^^^^^
  File "/home/airflow/.local/lib/python3.11/site-packages/airflow/models/baseoperator.py", line 406, in wrapper
    return func(self, *args, **kwargs)
           ^^^^^^^^^^^^^^^^^^^^^^^^^^^
  File "/home/airflow/.local/lib/python3.11/site-packages/airflow/operators/bash.py", line 249, in execute
    raise AirflowException(
airflow.exceptions.AirflowException: Bash command failed. The command returned a non-zero exit code 1.
[2026-09-25T08:30:14.849+0000] {taskinstance.py:1225} INFO - Marking task as UP_FOR_RETRY. dag_id=tradecorp_etl, task_id=extract_from_azure, run_id=scheduled__2026-09-24T00:00:00+00:00, execution_date=20260924T000000, start_date=20260925T083011, end_date=20260925T083014
[2026-09-25T08:30:14.885+0000] {taskinstance.py:340} INFO - ::group::Post task execution logs
[2026-09-25T08:30:14.889+0000] {standard_task_runner.py:124} ERROR - Failed to execute job 2 for task extract_from_azure (Bash command failed. The command returned a non-zero exit code 1.; 610)
Traceback (most recent call last):
  File "/home/airflow/.local/lib/python3.11/site-packages/airflow/task/task_runner/standard_task_runner.py", line 117, in _start_by_fork
    ret = args.func(args, dag=self.dag)
          ^^^^^^^^^^^^^^^^^^^^^^^^^^^^^
  File "/home/airflow/.local/lib/python3.11/site-packages/airflow/cli/cli_config.py", line 49, in command
    return func(*args, **kwargs)
           ^^^^^^^^^^^^^^^^^^^^^
  File "/home/airflow/.local/lib/python3.11/site-packages/airflow/utils/cli.py", line 115, in wrapper
    return f(*args, **kwargs)
           ^^^^^^^^^^^^^^^^^^
  File "/home/airflow/.local/lib/python3.11/site-packages/airflow/cli/commands/task_command.py", line 483, in task_run
    task_return_code = _run_task_by_selected_method(args, _dag, ti)
                       ^^^^^^^^^^^^^^^^^^^^^^^^^^^^^^^^^^^^^^^^^^^^
  File "/home/airflow/.local/lib/python3.11/site-packages/airflow/cli/commands/task_command.py", line 256, in _run_task_by_selected_method
    return _run_raw_task(args, ti)
           ^^^^^^^^^^^^^^^^^^^^^^^
  File "/home/airflow/.local/lib/python3.11/site-packages/airflow/cli/commands/task_command.py", line 341, in _run_raw_task
    return ti._run_raw_task(
           ^^^^^^^^^^^^^^^^^
  File "/home/airflow/.local/lib/python3.11/site-packages/airflow/utils/session.py", line 97, in wrapper
    return func(*args, session=session, **kwargs)
           ^^^^^^^^^^^^^^^^^^^^^^^^^^^^^^^^^^^^^^
  File "/home/airflow/.local/lib/python3.11/site-packages/airflow/models/taskinstance.py", line 2995, in _run_raw_task
    return _run_raw_task(
           ^^^^^^^^^^^^^^
  File "/home/airflow/.local/lib/python3.11/site-packages/airflow/models/taskinstance.py", line 273, in _run_raw_task
    TaskInstance._execute_task_with_callbacks(
  File "/home/airflow/.local/lib/python3.11/site-packages/airflow/models/taskinstance.py", line 3149, in _execute_task_with_callbacks
    result = self._execute_task(context, task_orig)
             ^^^^^^^^^^^^^^^^^^^^^^^^^^^^^^^^^^^^^^
  File "/home/airflow/.local/lib/python3.11/site-packages/airflow/models/taskinstance.py", line 3173, in _execute_task
    return _execute_task(self, context, task_orig)
           ^^^^^^^^^^^^^^^^^^^^^^^^^^^^^^^^^^^^^^^
  File "/home/airflow/.local/lib/python3.11/site-packages/airflow/models/taskinstance.py", line 762, in _execute_task
    result = _execute_callable(context=context, **execute_callable_kwargs)
             ^^^^^^^^^^^^^^^^^^^^^^^^^^^^^^^^^^^^^^^^^^^^^^^^^^^^^^^^^^^^^
  File "/home/airflow/.local/lib/python3.11/site-packages/airflow/models/taskinstance.py", line 733, in _execute_callable
    return ExecutionCallableRunner(
           ^^^^^^^^^^^^^^^^^^^^^^^^
  File "/home/airflow/.local/lib/python3.11/site-packages/airflow/utils/operator_helpers.py", line 252, in run
    return self.func(*args, **kwargs)
           ^^^^^^^^^^^^^^^^^^^^^^^^^^
  File "/home/airflow/.local/lib/python3.11/site-packages/airflow/models/baseoperator.py", line 406, in wrapper
    return func(self, *args, **kwargs)
           ^^^^^^^^^^^^^^^^^^^^^^^^^^^
  File "/home/airflow/.local/lib/python3.11/site-packages/airflow/operators/bash.py", line 249, in execute
    raise AirflowException(
airflow.exceptions.AirflowException: Bash command failed. The command returned a non-zero exit code 1.
[2026-09-25T08:30:14.934+0000] {local_task_job_runner.py:261} INFO - Task exited with return code 1
[2026-09-25T08:30:14.967+0000] {taskinstance.py:3891} INFO - 0 downstream tasks scheduled from follow-on schedule check
[2026-09-25T08:30:14.972+0000] {local_task_job_runner.py:240} INFO - ::endgroup::
[2026-09-25T21:00:18.215+0000] {local_task_job_runner.py:123} INFO - ::group::Pre task execution logs
[2026-09-25T21:00:18.247+0000] {taskinstance.py:2614} INFO - Dependencies all met for dep_context=non-requeueable deps ti=<TaskInstance: tradecorp_etl.extract_from_azure scheduled__2026-09-24T00:00:00+00:00 [queued]>
[2026-09-25T21:00:18.268+0000] {taskinstance.py:2614} INFO - Dependencies all met for dep_context=requeueable deps ti=<TaskInstance: tradecorp_etl.extract_from_azure scheduled__2026-09-24T00:00:00+00:00 [queued]>
[2026-09-25T21:00:18.269+0000] {taskinstance.py:2867} INFO - Starting attempt 1 of 3
[2026-09-25T21:00:18.288+0000] {taskinstance.py:2890} INFO - Executing <Task(BashOperator): extract_from_azure> on 2026-09-24 00:00:00+00:00
[2026-09-25T21:00:18.301+0000] {standard_task_runner.py:104} INFO - Running: ['***', 'tasks', 'run', 'tradecorp_etl', 'extract_from_azure', 'scheduled__2026-09-24T00:00:00+00:00', '--job-id', '2', '--raw', '--subdir', 'DAGS_FOLDER/tradecorp_pipeline.py', '--cfg-path', '/tmp/tmpxbr9zvc4']
[2026-09-25T21:00:18.304+0000] {logging_mixin.py:190} WARNING - /home/***/.local/lib/python3.12/site-packages/***/task/task_runner/standard_task_runner.py:70 DeprecationWarning: This process (pid=439) is multi-threaded, use of fork() may lead to deadlocks in the child.
[2026-09-25T21:00:18.305+0000] {standard_task_runner.py:105} INFO - Job 2: Subtask extract_from_azure
[2026-09-25T21:00:18.306+0000] {standard_task_runner.py:72} INFO - Started process 440 to run task
[2026-09-25T21:00:18.369+0000] {task_command.py:467} INFO - Running <TaskInstance: tradecorp_etl.extract_from_azure scheduled__2026-09-24T00:00:00+00:00 [running]> on host 19cad8c1b283
[2026-09-25T21:00:18.486+0000] {taskinstance.py:3134} INFO - Exporting env vars: AIRFLOW_CTX_DAG_OWNER='tradecorp_data_eng' AIRFLOW_CTX_DAG_ID='tradecorp_etl' AIRFLOW_CTX_TASK_ID='extract_from_azure' AIRFLOW_CTX_EXECUTION_DATE='2026-09-24T00:00:00+00:00' AIRFLOW_CTX_TRY_NUMBER='1' AIRFLOW_CTX_DAG_RUN_ID='scheduled__2026-09-24T00:00:00+00:00'
[2026-09-25T21:00:18.488+0000] {taskinstance.py:732} INFO - ::endgroup::
[2026-09-25T21:00:18.530+0000] {subprocess.py:78} INFO - Tmp dir root location: /tmp
[2026-09-25T21:00:18.533+0000] {subprocess.py:88} INFO - Running command: ['/usr/bin/bash', '-c', '/home/***/.local/bin/python /home/jovyan/src/reader.py']
[2026-09-25T21:00:18.551+0000] {subprocess.py:99} INFO - Output:
[2026-09-25T21:00:19.967+0000] {subprocess.py:106} INFO - 2026-09-25 21:00:19,967 - INFO - Request URL: 'https://zawlstorage.blob.core.windows.net/raw?restype=REDACTED&comp=REDACTED&include=REDACTED'
[2026-09-25T21:00:19.968+0000] {subprocess.py:106} INFO - Request method: 'GET'
[2026-09-25T21:00:19.970+0000] {subprocess.py:106} INFO - Request headers:
[2026-09-25T21:00:19.971+0000] {subprocess.py:106} INFO -     'x-ms-version': 'REDACTED'
[2026-09-25T21:00:19.972+0000] {subprocess.py:106} INFO -     'Accept': 'application/xml'
[2026-09-25T21:00:19.973+0000] {subprocess.py:106} INFO -     'User-Agent': 'azsdk-python-storage-blob/12.22.0 Python/3.12.9 (Linux-6.18.33.2-microsoft-standard-WSL2-x86_64-with-glibc2.36)'
[2026-09-25T21:00:19.974+0000] {subprocess.py:106} INFO -     'x-ms-date': 'REDACTED'
[2026-09-25T21:00:19.975+0000] {subprocess.py:106} INFO -     'x-ms-client-request-id': '1e12435c-b924-11f1-89fe-7a0418f3a102'
[2026-09-25T21:00:19.976+0000] {subprocess.py:106} INFO -     'Authorization': 'REDACTED'
[2026-09-25T21:00:19.977+0000] {subprocess.py:106} INFO - No body was attached to the request
[2026-09-25T21:00:20.151+0000] {subprocess.py:106} INFO - 2026-09-25 21:00:20,151 - INFO - Response status: 200
[2026-09-25T21:00:20.152+0000] {subprocess.py:106} INFO - Response headers:
[2026-09-25T21:00:20.154+0000] {subprocess.py:106} INFO -     'Transfer-Encoding': 'chunked'
[2026-09-25T21:00:20.155+0000] {subprocess.py:106} INFO -     'Content-Type': 'application/xml'
[2026-09-25T21:00:20.156+0000] {subprocess.py:106} INFO -     'Server': 'Windows-Azure-Blob/1.0 Microsoft-HTTPAPI/2.0'
[2026-09-25T21:00:20.157+0000] {subprocess.py:106} INFO -     'x-ms-request-id': '4e6e52b1-a01e-0011-3830-4d5959000000'
[2026-09-25T21:00:20.158+0000] {subprocess.py:106} INFO -     'x-ms-client-request-id': '1e12435c-b924-11f1-89fe-7a0418f3a102'
[2026-09-25T21:00:20.159+0000] {subprocess.py:106} INFO -     'x-ms-version': 'REDACTED'
[2026-09-25T21:00:20.160+0000] {subprocess.py:106} INFO -     'Date': 'Fri, 25 Sep 2026 21:00:20 GMT'
[2026-09-25T21:00:20.171+0000] {subprocess.py:106} INFO - Traceback (most recent call last):
[2026-09-25T21:00:20.172+0000] {subprocess.py:106} INFO -   File "/home/jovyan/src/reader.py", line 110, in <module>
[2026-09-25T21:00:20.173+0000] {subprocess.py:106} INFO -     files = DataReader.download_azure_raw()
[2026-09-25T21:00:20.174+0000] {subprocess.py:106} INFO -             ^^^^^^^^^^^^^^^^^^^^^^^^^^^^^^^
[2026-09-25T21:00:20.175+0000] {subprocess.py:106} INFO -   File "/home/jovyan/src/reader.py", line 78, in download_azure_raw
[2026-09-25T21:00:20.176+0000] {subprocess.py:106} INFO -     with open(destination, "wb") as file:
[2026-09-25T21:00:20.177+0000] {subprocess.py:106} INFO -          ^^^^^^^^^^^^^^^^^^^^^^^
[2026-09-25T21:00:20.178+0000] {subprocess.py:106} INFO - PermissionError: [Errno 13] Permission denied: '/home/jovyan/src/data/azure_tradecorp_raw/categories.csv'
[2026-09-25T21:00:20.313+0000] {subprocess.py:110} INFO - Command exited with return code 1
[2026-09-25T21:00:20.329+0000] {taskinstance.py:3313} ERROR - Task failed with exception
Traceback (most recent call last):
  File "/home/airflow/.local/lib/python3.12/site-packages/airflow/models/taskinstance.py", line 763, in _execute_task
    result = _execute_callable(context=context, **execute_callable_kwargs)
             ^^^^^^^^^^^^^^^^^^^^^^^^^^^^^^^^^^^^^^^^^^^^^^^^^^^^^^^^^^^^^
  File "/home/airflow/.local/lib/python3.12/site-packages/airflow/models/taskinstance.py", line 734, in _execute_callable
    return ExecutionCallableRunner(
           ^^^^^^^^^^^^^^^^^^^^^^^^
  File "/home/airflow/.local/lib/python3.12/site-packages/airflow/utils/operator_helpers.py", line 252, in run
    return self.func(*args, **kwargs)
           ^^^^^^^^^^^^^^^^^^^^^^^^^^
  File "/home/airflow/.local/lib/python3.12/site-packages/airflow/models/baseoperator.py", line 424, in wrapper
    return func(self, *args, **kwargs)
           ^^^^^^^^^^^^^^^^^^^^^^^^^^^
  File "/home/airflow/.local/lib/python3.12/site-packages/airflow/operators/bash.py", line 276, in execute
    raise AirflowException(
airflow.exceptions.AirflowException: Bash command failed. The command returned a non-zero exit code 1.
[2026-09-25T21:00:20.343+0000] {taskinstance.py:1226} INFO - Marking task as UP_FOR_RETRY. dag_id=tradecorp_etl, task_id=extract_from_azure, run_id=scheduled__2026-09-24T00:00:00+00:00, execution_date=20260924T000000, start_date=20260925T210018, end_date=20260925T210020
[2026-09-25T21:00:20.389+0000] {taskinstance.py:341} INFO - ::group::Post task execution logs
[2026-09-25T21:00:20.391+0000] {standard_task_runner.py:124} ERROR - Failed to execute job 2 for task extract_from_azure (Bash command failed. The command returned a non-zero exit code 1.; 440)
Traceback (most recent call last):
  File "/home/airflow/.local/lib/python3.12/site-packages/airflow/task/task_runner/standard_task_runner.py", line 117, in _start_by_fork
    ret = args.func(args, dag=self.dag)
          ^^^^^^^^^^^^^^^^^^^^^^^^^^^^^
  File "/home/airflow/.local/lib/python3.12/site-packages/airflow/cli/cli_config.py", line 49, in command
    return func(*args, **kwargs)
           ^^^^^^^^^^^^^^^^^^^^^
  File "/home/airflow/.local/lib/python3.12/site-packages/airflow/utils/cli.py", line 116, in wrapper
    return f(*args, **kwargs)
           ^^^^^^^^^^^^^^^^^^
  File "/home/airflow/.local/lib/python3.12/site-packages/airflow/cli/commands/task_command.py", line 483, in task_run
    task_return_code = _run_task_by_selected_method(args, _dag, ti)
                       ^^^^^^^^^^^^^^^^^^^^^^^^^^^^^^^^^^^^^^^^^^^^
  File "/home/airflow/.local/lib/python3.12/site-packages/airflow/cli/commands/task_command.py", line 256, in _run_task_by_selected_method
    return _run_raw_task(args, ti)
           ^^^^^^^^^^^^^^^^^^^^^^^
  File "/home/airflow/.local/lib/python3.12/site-packages/airflow/cli/commands/task_command.py", line 341, in _run_raw_task
    return ti._run_raw_task(
           ^^^^^^^^^^^^^^^^^
  File "/home/airflow/.local/lib/python3.12/site-packages/airflow/utils/session.py", line 97, in wrapper
    return func(*args, session=session, **kwargs)
           ^^^^^^^^^^^^^^^^^^^^^^^^^^^^^^^^^^^^^^
  File "/home/airflow/.local/lib/python3.12/site-packages/airflow/models/taskinstance.py", line 3006, in _run_raw_task
    return _run_raw_task(
           ^^^^^^^^^^^^^^
  File "/home/airflow/.local/lib/python3.12/site-packages/airflow/models/taskinstance.py", line 274, in _run_raw_task
    TaskInstance._execute_task_with_callbacks(
  File "/home/airflow/.local/lib/python3.12/site-packages/airflow/models/taskinstance.py", line 3161, in _execute_task_with_callbacks
    result = self._execute_task(context, task_orig)
             ^^^^^^^^^^^^^^^^^^^^^^^^^^^^^^^^^^^^^^
  File "/home/airflow/.local/lib/python3.12/site-packages/airflow/models/taskinstance.py", line 3185, in _execute_task
    return _execute_task(self, context, task_orig)
           ^^^^^^^^^^^^^^^^^^^^^^^^^^^^^^^^^^^^^^^
  File "/home/airflow/.local/lib/python3.12/site-packages/airflow/models/taskinstance.py", line 763, in _execute_task
    result = _execute_callable(context=context, **execute_callable_kwargs)
             ^^^^^^^^^^^^^^^^^^^^^^^^^^^^^^^^^^^^^^^^^^^^^^^^^^^^^^^^^^^^^
  File "/home/airflow/.local/lib/python3.12/site-packages/airflow/models/taskinstance.py", line 734, in _execute_callable
    return ExecutionCallableRunner(
           ^^^^^^^^^^^^^^^^^^^^^^^^
  File "/home/airflow/.local/lib/python3.12/site-packages/airflow/utils/operator_helpers.py", line 252, in run
    return self.func(*args, **kwargs)
           ^^^^^^^^^^^^^^^^^^^^^^^^^^
  File "/home/airflow/.local/lib/python3.12/site-packages/airflow/models/baseoperator.py", line 424, in wrapper
    return func(self, *args, **kwargs)
           ^^^^^^^^^^^^^^^^^^^^^^^^^^^
  File "/home/airflow/.local/lib/python3.12/site-packages/airflow/operators/bash.py", line 276, in execute
    raise AirflowException(
airflow.exceptions.AirflowException: Bash command failed. The command returned a non-zero exit code 1.
[2026-09-25T21:00:20.418+0000] {local_task_job_runner.py:266} INFO - Task exited with return code 1
[2026-09-25T21:00:20.450+0000] {taskinstance.py:3901} INFO - 0 downstream tasks scheduled from follow-on schedule check
[2026-09-25T21:00:20.453+0000] {local_task_job_runner.py:245} INFO - ::endgroup::
