[2026-09-25T08:35:16.042+0000] {local_task_job_runner.py:123} INFO - ::group::Pre task execution logs
[2026-09-25T08:35:16.064+0000] {taskinstance.py:2603} INFO - Dependencies all met for dep_context=non-requeueable deps ti=<TaskInstance: tradecorp_etl.extract_from_azure scheduled__2026-09-24T00:00:00+00:00 [queued]>
[2026-09-25T08:35:16.075+0000] {taskinstance.py:2603} INFO - Dependencies all met for dep_context=requeueable deps ti=<TaskInstance: tradecorp_etl.extract_from_azure scheduled__2026-09-24T00:00:00+00:00 [queued]>
[2026-09-25T08:35:16.078+0000] {taskinstance.py:2856} INFO - Starting attempt 2 of 3
[2026-09-25T08:35:16.094+0000] {taskinstance.py:2879} INFO - Executing <Task(BashOperator): extract_from_azure> on 2026-09-24 00:00:00+00:00
[2026-09-25T08:35:16.105+0000] {standard_task_runner.py:72} INFO - Started process 753 to run task
[2026-09-25T08:35:16.109+0000] {standard_task_runner.py:104} INFO - Running: ['***', 'tasks', 'run', 'tradecorp_etl', 'extract_from_azure', 'scheduled__2026-09-24T00:00:00+00:00', '--job-id', '3', '--raw', '--subdir', 'DAGS_FOLDER/tradecorp_pipeline.py', '--cfg-path', '/tmp/tmpl6cz85jc']
[2026-09-25T08:35:16.114+0000] {standard_task_runner.py:105} INFO - Job 3: Subtask extract_from_azure
[2026-09-25T08:35:16.184+0000] {task_command.py:467} INFO - Running <TaskInstance: tradecorp_etl.extract_from_azure scheduled__2026-09-24T00:00:00+00:00 [running]> on host afd995bbc8e3
[2026-09-25T08:35:16.273+0000] {taskinstance.py:3122} INFO - Exporting env vars: AIRFLOW_CTX_DAG_OWNER='tradecorp_data_eng' AIRFLOW_CTX_DAG_ID='tradecorp_etl' AIRFLOW_CTX_TASK_ID='extract_from_azure' AIRFLOW_CTX_EXECUTION_DATE='2026-09-24T00:00:00+00:00' AIRFLOW_CTX_TRY_NUMBER='2' AIRFLOW_CTX_DAG_RUN_ID='scheduled__2026-09-24T00:00:00+00:00'
[2026-09-25T08:35:16.276+0000] {taskinstance.py:731} INFO - ::endgroup::
[2026-09-25T08:35:16.289+0000] {subprocess.py:63} INFO - Tmp dir root location: /tmp
[2026-09-25T08:35:16.292+0000] {subprocess.py:75} INFO - Running command: ['/usr/bin/bash', '-c', '/home/***/.local/bin/python /home/jovyan/src/reader.py']
[2026-09-25T08:35:16.312+0000] {subprocess.py:86} INFO - Output:
[2026-09-25T08:35:17.364+0000] {subprocess.py:93} INFO - 2026-09-25 08:35:17,364 - INFO - Request URL: 'https://zawlstorage.blob.core.windows.net/raw?restype=REDACTED&comp=REDACTED&include=REDACTED'
[2026-09-25T08:35:17.367+0000] {subprocess.py:93} INFO - Request method: 'GET'
[2026-09-25T08:35:17.370+0000] {subprocess.py:93} INFO - Request headers:
[2026-09-25T08:35:17.372+0000] {subprocess.py:93} INFO -     'x-ms-version': 'REDACTED'
[2026-09-25T08:35:17.374+0000] {subprocess.py:93} INFO -     'Accept': 'application/xml'
[2026-09-25T08:35:17.375+0000] {subprocess.py:93} INFO -     'User-Agent': 'azsdk-python-storage-blob/12.22.0 Python/3.11.11 (Linux-6.18.33.2-microsoft-standard-WSL2-x86_64-with-glibc2.36)'
[2026-09-25T08:35:17.377+0000] {subprocess.py:93} INFO -     'x-ms-date': 'REDACTED'
[2026-09-25T08:35:17.378+0000] {subprocess.py:93} INFO -     'x-ms-client-request-id': '093e67ac-b8bc-11f1-88d6-82c878e93bd9'
[2026-09-25T08:35:17.380+0000] {subprocess.py:93} INFO -     'Authorization': 'REDACTED'
[2026-09-25T08:35:17.381+0000] {subprocess.py:93} INFO - No body was attached to the request
[2026-09-25T08:35:17.536+0000] {subprocess.py:93} INFO - 2026-09-25 08:35:17,536 - INFO - Response status: 200
[2026-09-25T08:35:17.538+0000] {subprocess.py:93} INFO - Response headers:
[2026-09-25T08:35:17.540+0000] {subprocess.py:93} INFO -     'Transfer-Encoding': 'chunked'
[2026-09-25T08:35:17.543+0000] {subprocess.py:93} INFO -     'Content-Type': 'application/xml'
[2026-09-25T08:35:17.544+0000] {subprocess.py:93} INFO -     'Server': 'Windows-Azure-Blob/1.0 Microsoft-HTTPAPI/2.0'
[2026-09-25T08:35:17.546+0000] {subprocess.py:93} INFO -     'x-ms-request-id': '95b053e9-a01e-00b8-76c8-4c982b000000'
[2026-09-25T08:35:17.547+0000] {subprocess.py:93} INFO -     'x-ms-client-request-id': '093e67ac-b8bc-11f1-88d6-82c878e93bd9'
[2026-09-25T08:35:17.549+0000] {subprocess.py:93} INFO -     'x-ms-version': 'REDACTED'
[2026-09-25T08:35:17.551+0000] {subprocess.py:93} INFO -     'Date': 'Fri, 25 Sep 2026 08:35:17 GMT'
[2026-09-25T08:35:17.561+0000] {subprocess.py:93} INFO - Traceback (most recent call last):
[2026-09-25T08:35:17.563+0000] {subprocess.py:93} INFO -   File "/home/jovyan/src/reader.py", line 110, in <module>
[2026-09-25T08:35:17.564+0000] {subprocess.py:93} INFO -     files = DataReader.download_azure_raw()
[2026-09-25T08:35:17.566+0000] {subprocess.py:93} INFO -             ^^^^^^^^^^^^^^^^^^^^^^^^^^^^^^^
[2026-09-25T08:35:17.568+0000] {subprocess.py:93} INFO -   File "/home/jovyan/src/reader.py", line 78, in download_azure_raw
[2026-09-25T08:35:17.570+0000] {subprocess.py:93} INFO -     with open(destination, "wb") as file:
[2026-09-25T08:35:17.572+0000] {subprocess.py:93} INFO -          ^^^^^^^^^^^^^^^^^^^^^^^
[2026-09-25T08:35:17.574+0000] {subprocess.py:93} INFO - PermissionError: [Errno 13] Permission denied: '/home/jovyan/src/data/azure_tradecorp_raw/books/bookstreamvault.csv'
[2026-09-25T08:35:17.709+0000] {subprocess.py:97} INFO - Command exited with return code 1
[2026-09-25T08:35:17.726+0000] {taskinstance.py:3301} ERROR - Task failed with exception
Traceback (most recent call last):
  File "/home/airflow/.local/lib/python3.11/site-packages/airflow/models/taskinstance.py", line 762, in _execute_task
    result = _execute_callable(context=context, **execute_callable_kwargs)
             ^^^^^^^^^^^^^^^^^^^^^^^^^^^^^^^^^^^^^^^^^^^^^^^^^^^^^^^^^^^^^
  File "/home/airflow/.local/lib/python3.11/site-packages/airflow/models/taskinstance.py", line 733, in _execute_callable
    return ExecutionCallableRunner(
           ^^^^^^^^^^^^^^^^^^^^^^^^
  File "/home/airflow/.local/lib/python3.11/site-packages/airflow/utils/operator_helpers.py", line 252, in run
    return self.func(*args, **kwargs)
           ^^^^^^^^^^^^^^^^^^^^^^^^^^
  File "/home/airflow/.local/lib/python3.11/site-packages/airflow/models/baseoperator.py", line 406, in wrapper
    return func(self, *args, **kwargs)
           ^^^^^^^^^^^^^^^^^^^^^^^^^^^
  File "/home/airflow/.local/lib/python3.11/site-packages/airflow/operators/bash.py", line 249, in execute
    raise AirflowException(
airflow.exceptions.AirflowException: Bash command failed. The command returned a non-zero exit code 1.
[2026-09-25T08:35:17.736+0000] {taskinstance.py:1225} INFO - Marking task as UP_FOR_RETRY. dag_id=tradecorp_etl, task_id=extract_from_azure, run_id=scheduled__2026-09-24T00:00:00+00:00, execution_date=20260924T000000, start_date=20260925T083516, end_date=20260925T083517
[2026-09-25T08:35:17.756+0000] {taskinstance.py:340} INFO - ::group::Post task execution logs
[2026-09-25T08:35:17.758+0000] {standard_task_runner.py:124} ERROR - Failed to execute job 3 for task extract_from_azure (Bash command failed. The command returned a non-zero exit code 1.; 753)
Traceback (most recent call last):
  File "/home/airflow/.local/lib/python3.11/site-packages/airflow/task/task_runner/standard_task_runner.py", line 117, in _start_by_fork
    ret = args.func(args, dag=self.dag)
          ^^^^^^^^^^^^^^^^^^^^^^^^^^^^^
  File "/home/airflow/.local/lib/python3.11/site-packages/airflow/cli/cli_config.py", line 49, in command
    return func(*args, **kwargs)
           ^^^^^^^^^^^^^^^^^^^^^
  File "/home/airflow/.local/lib/python3.11/site-packages/airflow/utils/cli.py", line 115, in wrapper
    return f(*args, **kwargs)
           ^^^^^^^^^^^^^^^^^^
  File "/home/airflow/.local/lib/python3.11/site-packages/airflow/cli/commands/task_command.py", line 483, in task_run
    task_return_code = _run_task_by_selected_method(args, _dag, ti)
                       ^^^^^^^^^^^^^^^^^^^^^^^^^^^^^^^^^^^^^^^^^^^^
  File "/home/airflow/.local/lib/python3.11/site-packages/airflow/cli/commands/task_command.py", line 256, in _run_task_by_selected_method
    return _run_raw_task(args, ti)
           ^^^^^^^^^^^^^^^^^^^^^^^
  File "/home/airflow/.local/lib/python3.11/site-packages/airflow/cli/commands/task_command.py", line 341, in _run_raw_task
    return ti._run_raw_task(
           ^^^^^^^^^^^^^^^^^
  File "/home/airflow/.local/lib/python3.11/site-packages/airflow/utils/session.py", line 97, in wrapper
    return func(*args, session=session, **kwargs)
           ^^^^^^^^^^^^^^^^^^^^^^^^^^^^^^^^^^^^^^
  File "/home/airflow/.local/lib/python3.11/site-packages/airflow/models/taskinstance.py", line 2995, in _run_raw_task
    return _run_raw_task(
           ^^^^^^^^^^^^^^
  File "/home/airflow/.local/lib/python3.11/site-packages/airflow/models/taskinstance.py", line 273, in _run_raw_task
    TaskInstance._execute_task_with_callbacks(
  File "/home/airflow/.local/lib/python3.11/site-packages/airflow/models/taskinstance.py", line 3149, in _execute_task_with_callbacks
    result = self._execute_task(context, task_orig)
             ^^^^^^^^^^^^^^^^^^^^^^^^^^^^^^^^^^^^^^
  File "/home/airflow/.local/lib/python3.11/site-packages/airflow/models/taskinstance.py", line 3173, in _execute_task
    return _execute_task(self, context, task_orig)
           ^^^^^^^^^^^^^^^^^^^^^^^^^^^^^^^^^^^^^^^
  File "/home/airflow/.local/lib/python3.11/site-packages/airflow/models/taskinstance.py", line 762, in _execute_task
    result = _execute_callable(context=context, **execute_callable_kwargs)
             ^^^^^^^^^^^^^^^^^^^^^^^^^^^^^^^^^^^^^^^^^^^^^^^^^^^^^^^^^^^^^
  File "/home/airflow/.local/lib/python3.11/site-packages/airflow/models/taskinstance.py", line 733, in _execute_callable
    return ExecutionCallableRunner(
           ^^^^^^^^^^^^^^^^^^^^^^^^
  File "/home/airflow/.local/lib/python3.11/site-packages/airflow/utils/operator_helpers.py", line 252, in run
    return self.func(*args, **kwargs)
           ^^^^^^^^^^^^^^^^^^^^^^^^^^
  File "/home/airflow/.local/lib/python3.11/site-packages/airflow/models/baseoperator.py", line 406, in wrapper
    return func(self, *args, **kwargs)
           ^^^^^^^^^^^^^^^^^^^^^^^^^^^
  File "/home/airflow/.local/lib/python3.11/site-packages/airflow/operators/bash.py", line 249, in execute
    raise AirflowException(
airflow.exceptions.AirflowException: Bash command failed. The command returned a non-zero exit code 1.
[2026-09-25T08:35:17.810+0000] {local_task_job_runner.py:261} INFO - Task exited with return code 1
[2026-09-25T08:35:17.841+0000] {taskinstance.py:3891} INFO - 0 downstream tasks scheduled from follow-on schedule check
[2026-09-25T08:35:17.846+0000] {local_task_job_runner.py:240} INFO - ::endgroup::
[2026-09-25T21:05:21.307+0000] {local_task_job_runner.py:123} INFO - ::group::Pre task execution logs
[2026-09-25T21:05:21.331+0000] {taskinstance.py:2614} INFO - Dependencies all met for dep_context=non-requeueable deps ti=<TaskInstance: tradecorp_etl.extract_from_azure scheduled__2026-09-24T00:00:00+00:00 [queued]>
[2026-09-25T21:05:21.344+0000] {taskinstance.py:2614} INFO - Dependencies all met for dep_context=requeueable deps ti=<TaskInstance: tradecorp_etl.extract_from_azure scheduled__2026-09-24T00:00:00+00:00 [queued]>
[2026-09-25T21:05:21.346+0000] {taskinstance.py:2867} INFO - Starting attempt 2 of 3
[2026-09-25T21:05:21.369+0000] {taskinstance.py:2890} INFO - Executing <Task(BashOperator): extract_from_azure> on 2026-09-24 00:00:00+00:00
[2026-09-25T21:05:21.387+0000] {standard_task_runner.py:104} INFO - Running: ['***', 'tasks', 'run', 'tradecorp_etl', 'extract_from_azure', 'scheduled__2026-09-24T00:00:00+00:00', '--job-id', '3', '--raw', '--subdir', 'DAGS_FOLDER/tradecorp_pipeline.py', '--cfg-path', '/tmp/tmpr1h1yj21']
[2026-09-25T21:05:21.392+0000] {standard_task_runner.py:105} INFO - Job 3: Subtask extract_from_azure
[2026-09-25T21:05:21.392+0000] {logging_mixin.py:190} WARNING - /home/***/.local/lib/python3.12/site-packages/***/task/task_runner/standard_task_runner.py:70 DeprecationWarning: This process (pid=581) is multi-threaded, use of fork() may lead to deadlocks in the child.
[2026-09-25T21:05:21.395+0000] {standard_task_runner.py:72} INFO - Started process 582 to run task
[2026-09-25T21:05:21.482+0000] {task_command.py:467} INFO - Running <TaskInstance: tradecorp_etl.extract_from_azure scheduled__2026-09-24T00:00:00+00:00 [running]> on host 19cad8c1b283
[2026-09-25T21:05:21.616+0000] {taskinstance.py:3134} INFO - Exporting env vars: AIRFLOW_CTX_DAG_OWNER='tradecorp_data_eng' AIRFLOW_CTX_DAG_ID='tradecorp_etl' AIRFLOW_CTX_TASK_ID='extract_from_azure' AIRFLOW_CTX_EXECUTION_DATE='2026-09-24T00:00:00+00:00' AIRFLOW_CTX_TRY_NUMBER='2' AIRFLOW_CTX_DAG_RUN_ID='scheduled__2026-09-24T00:00:00+00:00'
[2026-09-25T21:05:21.619+0000] {taskinstance.py:732} INFO - ::endgroup::
[2026-09-25T21:05:21.648+0000] {subprocess.py:78} INFO - Tmp dir root location: /tmp
[2026-09-25T21:05:21.652+0000] {subprocess.py:88} INFO - Running command: ['/usr/bin/bash', '-c', '/home/***/.local/bin/python /home/jovyan/src/reader.py']
[2026-09-25T21:05:21.677+0000] {subprocess.py:99} INFO - Output:
[2026-09-25T21:05:23.019+0000] {subprocess.py:106} INFO - 2026-09-25 21:05:23,019 - INFO - Request URL: 'https://zawlstorage.blob.core.windows.net/raw?restype=REDACTED&comp=REDACTED&include=REDACTED'
[2026-09-25T21:05:23.021+0000] {subprocess.py:106} INFO - Request method: 'GET'
[2026-09-25T21:05:23.023+0000] {subprocess.py:106} INFO - Request headers:
[2026-09-25T21:05:23.024+0000] {subprocess.py:106} INFO -     'x-ms-version': 'REDACTED'
[2026-09-25T21:05:23.026+0000] {subprocess.py:106} INFO -     'Accept': 'application/xml'
[2026-09-25T21:05:23.027+0000] {subprocess.py:106} INFO -     'User-Agent': 'azsdk-python-storage-blob/12.22.0 Python/3.12.9 (Linux-6.18.33.2-microsoft-standard-WSL2-x86_64-with-glibc2.36)'
[2026-09-25T21:05:23.029+0000] {subprocess.py:106} INFO -     'x-ms-date': 'REDACTED'
[2026-09-25T21:05:23.030+0000] {subprocess.py:106} INFO -     'x-ms-client-request-id': 'd2b44ec2-b924-11f1-b6b8-7a0418f3a102'
[2026-09-25T21:05:23.032+0000] {subprocess.py:106} INFO -     'Authorization': 'REDACTED'
[2026-09-25T21:05:23.033+0000] {subprocess.py:106} INFO - No body was attached to the request
[2026-09-25T21:05:23.176+0000] {subprocess.py:106} INFO - 2026-09-25 21:05:23,176 - INFO - Response status: 200
[2026-09-25T21:05:23.179+0000] {subprocess.py:106} INFO - Response headers:
[2026-09-25T21:05:23.181+0000] {subprocess.py:106} INFO -     'Transfer-Encoding': 'chunked'
[2026-09-25T21:05:23.184+0000] {subprocess.py:106} INFO -     'Content-Type': 'application/xml'
[2026-09-25T21:05:23.186+0000] {subprocess.py:106} INFO -     'Server': 'Windows-Azure-Blob/1.0 Microsoft-HTTPAPI/2.0'
[2026-09-25T21:05:23.188+0000] {subprocess.py:106} INFO -     'x-ms-request-id': 'e36a80d5-d01e-000b-3c31-4d3886000000'
[2026-09-25T21:05:23.190+0000] {subprocess.py:106} INFO -     'x-ms-client-request-id': 'd2b44ec2-b924-11f1-b6b8-7a0418f3a102'
[2026-09-25T21:05:23.192+0000] {subprocess.py:106} INFO -     'x-ms-version': 'REDACTED'
[2026-09-25T21:05:23.193+0000] {subprocess.py:106} INFO -     'Date': 'Fri, 25 Sep 2026 21:05:22 GMT'
[2026-09-25T21:05:23.207+0000] {subprocess.py:106} INFO - Traceback (most recent call last):
[2026-09-25T21:05:23.208+0000] {subprocess.py:106} INFO -   File "/home/jovyan/src/reader.py", line 110, in <module>
[2026-09-25T21:05:23.211+0000] {subprocess.py:106} INFO -     files = DataReader.download_azure_raw()
[2026-09-25T21:05:23.212+0000] {subprocess.py:106} INFO -             ^^^^^^^^^^^^^^^^^^^^^^^^^^^^^^^
[2026-09-25T21:05:23.214+0000] {subprocess.py:106} INFO -   File "/home/jovyan/src/reader.py", line 78, in download_azure_raw
[2026-09-25T21:05:23.215+0000] {subprocess.py:106} INFO -     with open(destination, "wb") as file:
[2026-09-25T21:05:23.216+0000] {subprocess.py:106} INFO -          ^^^^^^^^^^^^^^^^^^^^^^^
[2026-09-25T21:05:23.218+0000] {subprocess.py:106} INFO - PermissionError: [Errno 13] Permission denied: '/home/jovyan/src/data/azure_tradecorp_raw/categories.csv'
[2026-09-25T21:05:23.380+0000] {subprocess.py:110} INFO - Command exited with return code 1
[2026-09-25T21:05:23.395+0000] {taskinstance.py:3313} ERROR - Task failed with exception
Traceback (most recent call last):
  File "/home/airflow/.local/lib/python3.12/site-packages/airflow/models/taskinstance.py", line 763, in _execute_task
    result = _execute_callable(context=context, **execute_callable_kwargs)
             ^^^^^^^^^^^^^^^^^^^^^^^^^^^^^^^^^^^^^^^^^^^^^^^^^^^^^^^^^^^^^
  File "/home/airflow/.local/lib/python3.12/site-packages/airflow/models/taskinstance.py", line 734, in _execute_callable
    return ExecutionCallableRunner(
           ^^^^^^^^^^^^^^^^^^^^^^^^
  File "/home/airflow/.local/lib/python3.12/site-packages/airflow/utils/operator_helpers.py", line 252, in run
    return self.func(*args, **kwargs)
           ^^^^^^^^^^^^^^^^^^^^^^^^^^
  File "/home/airflow/.local/lib/python3.12/site-packages/airflow/models/baseoperator.py", line 424, in wrapper
    return func(self, *args, **kwargs)
           ^^^^^^^^^^^^^^^^^^^^^^^^^^^
  File "/home/airflow/.local/lib/python3.12/site-packages/airflow/operators/bash.py", line 276, in execute
    raise AirflowException(
airflow.exceptions.AirflowException: Bash command failed. The command returned a non-zero exit code 1.
[2026-09-25T21:05:23.407+0000] {taskinstance.py:1226} INFO - Marking task as UP_FOR_RETRY. dag_id=tradecorp_etl, task_id=extract_from_azure, run_id=scheduled__2026-09-24T00:00:00+00:00, execution_date=20260924T000000, start_date=20260925T210521, end_date=20260925T210523
[2026-09-25T21:05:23.451+0000] {taskinstance.py:341} INFO - ::group::Post task execution logs
[2026-09-25T21:05:23.453+0000] {standard_task_runner.py:124} ERROR - Failed to execute job 3 for task extract_from_azure (Bash command failed. The command returned a non-zero exit code 1.; 582)
Traceback (most recent call last):
  File "/home/airflow/.local/lib/python3.12/site-packages/airflow/task/task_runner/standard_task_runner.py", line 117, in _start_by_fork
    ret = args.func(args, dag=self.dag)
          ^^^^^^^^^^^^^^^^^^^^^^^^^^^^^
  File "/home/airflow/.local/lib/python3.12/site-packages/airflow/cli/cli_config.py", line 49, in command
    return func(*args, **kwargs)
           ^^^^^^^^^^^^^^^^^^^^^
  File "/home/airflow/.local/lib/python3.12/site-packages/airflow/utils/cli.py", line 116, in wrapper
    return f(*args, **kwargs)
           ^^^^^^^^^^^^^^^^^^
  File "/home/airflow/.local/lib/python3.12/site-packages/airflow/cli/commands/task_command.py", line 483, in task_run
    task_return_code = _run_task_by_selected_method(args, _dag, ti)
                       ^^^^^^^^^^^^^^^^^^^^^^^^^^^^^^^^^^^^^^^^^^^^
  File "/home/airflow/.local/lib/python3.12/site-packages/airflow/cli/commands/task_command.py", line 256, in _run_task_by_selected_method
    return _run_raw_task(args, ti)
           ^^^^^^^^^^^^^^^^^^^^^^^
  File "/home/airflow/.local/lib/python3.12/site-packages/airflow/cli/commands/task_command.py", line 341, in _run_raw_task
    return ti._run_raw_task(
           ^^^^^^^^^^^^^^^^^
  File "/home/airflow/.local/lib/python3.12/site-packages/airflow/utils/session.py", line 97, in wrapper
    return func(*args, session=session, **kwargs)
           ^^^^^^^^^^^^^^^^^^^^^^^^^^^^^^^^^^^^^^
  File "/home/airflow/.local/lib/python3.12/site-packages/airflow/models/taskinstance.py", line 3006, in _run_raw_task
    return _run_raw_task(
           ^^^^^^^^^^^^^^
  File "/home/airflow/.local/lib/python3.12/site-packages/airflow/models/taskinstance.py", line 274, in _run_raw_task
    TaskInstance._execute_task_with_callbacks(
  File "/home/airflow/.local/lib/python3.12/site-packages/airflow/models/taskinstance.py", line 3161, in _execute_task_with_callbacks
    result = self._execute_task(context, task_orig)
             ^^^^^^^^^^^^^^^^^^^^^^^^^^^^^^^^^^^^^^
  File "/home/airflow/.local/lib/python3.12/site-packages/airflow/models/taskinstance.py", line 3185, in _execute_task
    return _execute_task(self, context, task_orig)
           ^^^^^^^^^^^^^^^^^^^^^^^^^^^^^^^^^^^^^^^
  File "/home/airflow/.local/lib/python3.12/site-packages/airflow/models/taskinstance.py", line 763, in _execute_task
    result = _execute_callable(context=context, **execute_callable_kwargs)
             ^^^^^^^^^^^^^^^^^^^^^^^^^^^^^^^^^^^^^^^^^^^^^^^^^^^^^^^^^^^^^
  File "/home/airflow/.local/lib/python3.12/site-packages/airflow/models/taskinstance.py", line 734, in _execute_callable
    return ExecutionCallableRunner(
           ^^^^^^^^^^^^^^^^^^^^^^^^
  File "/home/airflow/.local/lib/python3.12/site-packages/airflow/utils/operator_helpers.py", line 252, in run
    return self.func(*args, **kwargs)
           ^^^^^^^^^^^^^^^^^^^^^^^^^^
  File "/home/airflow/.local/lib/python3.12/site-packages/airflow/models/baseoperator.py", line 424, in wrapper
    return func(self, *args, **kwargs)
           ^^^^^^^^^^^^^^^^^^^^^^^^^^^
  File "/home/airflow/.local/lib/python3.12/site-packages/airflow/operators/bash.py", line 276, in execute
    raise AirflowException(
airflow.exceptions.AirflowException: Bash command failed. The command returned a non-zero exit code 1.
[2026-09-25T21:05:23.467+0000] {local_task_job_runner.py:266} INFO - Task exited with return code 1
[2026-09-25T21:05:23.496+0000] {taskinstance.py:3901} INFO - 0 downstream tasks scheduled from follow-on schedule check
[2026-09-25T21:05:23.499+0000] {local_task_job_runner.py:245} INFO - ::endgroup::
