[2026-09-21T10:09:37.238+0000] {local_task_job_runner.py:123} INFO - ::group::Pre task execution logs
[2026-09-21T10:09:37.265+0000] {taskinstance.py:2603} INFO - Dependencies all met for dep_context=non-requeueable deps ti=<TaskInstance: tradecorp_etl.extract_from_azure manual__2026-09-21T10:09:31.940831+00:00 [queued]>
[2026-09-21T10:09:37.279+0000] {taskinstance.py:2603} INFO - Dependencies all met for dep_context=requeueable deps ti=<TaskInstance: tradecorp_etl.extract_from_azure manual__2026-09-21T10:09:31.940831+00:00 [queued]>
[2026-09-21T10:09:37.282+0000] {taskinstance.py:2856} INFO - Starting attempt 1 of 3
[2026-09-21T10:09:37.303+0000] {taskinstance.py:2879} INFO - Executing <Task(BashOperator): extract_from_azure> on 2026-09-21 10:09:31.940831+00:00
[2026-09-21T10:09:37.316+0000] {standard_task_runner.py:72} INFO - Started process 3088 to run task
[2026-09-21T10:09:37.323+0000] {standard_task_runner.py:104} INFO - Running: ['***', 'tasks', 'run', 'tradecorp_etl', 'extract_from_azure', 'manual__2026-09-21T10:09:31.940831+00:00', '--job-id', '14', '--raw', '--subdir', 'DAGS_FOLDER/tradecorp_pipeline.py', '--cfg-path', '/tmp/tmp07bwwss9']
[2026-09-21T10:09:37.326+0000] {standard_task_runner.py:105} INFO - Job 14: Subtask extract_from_azure
[2026-09-21T10:09:37.410+0000] {task_command.py:467} INFO - Running <TaskInstance: tradecorp_etl.extract_from_azure manual__2026-09-21T10:09:31.940831+00:00 [running]> on host 0ae89b9ceebb
[2026-09-21T10:09:37.573+0000] {taskinstance.py:3122} INFO - Exporting env vars: AIRFLOW_CTX_DAG_OWNER='***' AIRFLOW_CTX_DAG_ID='tradecorp_etl' AIRFLOW_CTX_TASK_ID='extract_from_azure' AIRFLOW_CTX_EXECUTION_DATE='2026-09-21T10:09:31.940831+00:00' AIRFLOW_CTX_TRY_NUMBER='1' AIRFLOW_CTX_DAG_RUN_ID='manual__2026-09-21T10:09:31.940831+00:00'
[2026-09-21T10:09:37.577+0000] {taskinstance.py:731} INFO - ::endgroup::
[2026-09-21T10:09:37.603+0000] {subprocess.py:63} INFO - Tmp dir root location: /tmp
[2026-09-21T10:09:37.605+0000] {subprocess.py:75} INFO - Running command: ['/usr/bin/bash', '-c', 'cd /home/jovyan/src && /opt/conda/bin/python reader.py']
[2026-09-21T10:09:37.645+0000] {subprocess.py:86} INFO - Output:
[2026-09-21T10:09:37.661+0000] {subprocess.py:93} INFO - /usr/bin/bash: line 1: cd: /home/jovyan/src: No such file or directory
[2026-09-21T10:09:37.663+0000] {subprocess.py:97} INFO - Command exited with return code 1
[2026-09-21T10:09:37.766+0000] {taskinstance.py:3301} ERROR - Task failed with exception
Traceback (most recent call last):
  File "/home/airflow/.local/lib/python3.12/site-packages/airflow/models/taskinstance.py", line 762, in _execute_task
    result = _execute_callable(context=context, **execute_callable_kwargs)
             ^^^^^^^^^^^^^^^^^^^^^^^^^^^^^^^^^^^^^^^^^^^^^^^^^^^^^^^^^^^^^
  File "/home/airflow/.local/lib/python3.12/site-packages/airflow/models/taskinstance.py", line 733, in _execute_callable
    return ExecutionCallableRunner(
           ^^^^^^^^^^^^^^^^^^^^^^^^
  File "/home/airflow/.local/lib/python3.12/site-packages/airflow/utils/operator_helpers.py", line 252, in run
    return self.func(*args, **kwargs)
           ^^^^^^^^^^^^^^^^^^^^^^^^^^
  File "/home/airflow/.local/lib/python3.12/site-packages/airflow/models/baseoperator.py", line 406, in wrapper
    return func(self, *args, **kwargs)
           ^^^^^^^^^^^^^^^^^^^^^^^^^^^
  File "/home/airflow/.local/lib/python3.12/site-packages/airflow/operators/bash.py", line 249, in execute
    raise AirflowException(
airflow.exceptions.AirflowException: Bash command failed. The command returned a non-zero exit code 1.
[2026-09-21T10:09:37.798+0000] {taskinstance.py:1225} INFO - Marking task as UP_FOR_RETRY. dag_id=tradecorp_etl, task_id=extract_from_azure, run_id=manual__2026-09-21T10:09:31.940831+00:00, execution_date=20260921T100931, start_date=20260921T100937, end_date=20260921T100937
[2026-09-21T10:09:37.846+0000] {taskinstance.py:340} INFO - ::group::Post task execution logs
[2026-09-21T10:09:37.849+0000] {standard_task_runner.py:124} ERROR - Failed to execute job 14 for task extract_from_azure (Bash command failed. The command returned a non-zero exit code 1.; 3088)
Traceback (most recent call last):
  File "/home/airflow/.local/lib/python3.12/site-packages/airflow/task/task_runner/standard_task_runner.py", line 117, in _start_by_fork
    ret = args.func(args, dag=self.dag)
          ^^^^^^^^^^^^^^^^^^^^^^^^^^^^^
  File "/home/airflow/.local/lib/python3.12/site-packages/airflow/cli/cli_config.py", line 49, in command
    return func(*args, **kwargs)
           ^^^^^^^^^^^^^^^^^^^^^
  File "/home/airflow/.local/lib/python3.12/site-packages/airflow/utils/cli.py", line 115, in wrapper
    return f(*args, **kwargs)
           ^^^^^^^^^^^^^^^^^^
  File "/home/airflow/.local/lib/python3.12/site-packages/airflow/cli/commands/task_command.py", line 483, in task_run
    task_return_code = _run_task_by_selected_method(args, _dag, ti)
                       ^^^^^^^^^^^^^^^^^^^^^^^^^^^^^^^^^^^^^^^^^^^^
  File "/home/airflow/.local/lib/python3.12/site-packages/airflow/cli/commands/task_command.py", line 256, in _run_task_by_selected_method
    return _run_raw_task(args, ti)
           ^^^^^^^^^^^^^^^^^^^^^^^
  File "/home/airflow/.local/lib/python3.12/site-packages/airflow/cli/commands/task_command.py", line 341, in _run_raw_task
    return ti._run_raw_task(
           ^^^^^^^^^^^^^^^^^
  File "/home/airflow/.local/lib/python3.12/site-packages/airflow/utils/session.py", line 97, in wrapper
    return func(*args, session=session, **kwargs)
           ^^^^^^^^^^^^^^^^^^^^^^^^^^^^^^^^^^^^^^
  File "/home/airflow/.local/lib/python3.12/site-packages/airflow/models/taskinstance.py", line 2995, in _run_raw_task
    return _run_raw_task(
           ^^^^^^^^^^^^^^
  File "/home/airflow/.local/lib/python3.12/site-packages/airflow/models/taskinstance.py", line 273, in _run_raw_task
    TaskInstance._execute_task_with_callbacks(
  File "/home/airflow/.local/lib/python3.12/site-packages/airflow/models/taskinstance.py", line 3149, in _execute_task_with_callbacks
    result = self._execute_task(context, task_orig)
             ^^^^^^^^^^^^^^^^^^^^^^^^^^^^^^^^^^^^^^
  File "/home/airflow/.local/lib/python3.12/site-packages/airflow/models/taskinstance.py", line 3173, in _execute_task
    return _execute_task(self, context, task_orig)
           ^^^^^^^^^^^^^^^^^^^^^^^^^^^^^^^^^^^^^^^
  File "/home/airflow/.local/lib/python3.12/site-packages/airflow/models/taskinstance.py", line 762, in _execute_task
    result = _execute_callable(context=context, **execute_callable_kwargs)
             ^^^^^^^^^^^^^^^^^^^^^^^^^^^^^^^^^^^^^^^^^^^^^^^^^^^^^^^^^^^^^
  File "/home/airflow/.local/lib/python3.12/site-packages/airflow/models/taskinstance.py", line 733, in _execute_callable
    return ExecutionCallableRunner(
           ^^^^^^^^^^^^^^^^^^^^^^^^
  File "/home/airflow/.local/lib/python3.12/site-packages/airflow/utils/operator_helpers.py", line 252, in run
    return self.func(*args, **kwargs)
           ^^^^^^^^^^^^^^^^^^^^^^^^^^
  File "/home/airflow/.local/lib/python3.12/site-packages/airflow/models/baseoperator.py", line 406, in wrapper
    return func(self, *args, **kwargs)
           ^^^^^^^^^^^^^^^^^^^^^^^^^^^
  File "/home/airflow/.local/lib/python3.12/site-packages/airflow/operators/bash.py", line 249, in execute
    raise AirflowException(
airflow.exceptions.AirflowException: Bash command failed. The command returned a non-zero exit code 1.
[2026-09-21T10:09:37.899+0000] {local_task_job_runner.py:261} INFO - Task exited with return code 1
[2026-09-21T10:09:37.951+0000] {taskinstance.py:3891} INFO - 0 downstream tasks scheduled from follow-on schedule check
[2026-09-21T10:09:37.955+0000] {local_task_job_runner.py:240} INFO - ::endgroup::
