[2026-09-25T13:57:23.647+0000] {local_task_job_runner.py:123} INFO - ::group::Pre task execution logs
[2026-09-25T13:57:23.693+0000] {taskinstance.py:2603} INFO - Dependencies all met for dep_context=non-requeueable deps ti=<TaskInstance: tradecorp_etl.extract_from_azure manual__2026-09-25T13:52:14.446652+00:00 [queued]>
[2026-09-25T13:57:23.710+0000] {taskinstance.py:2603} INFO - Dependencies all met for dep_context=requeueable deps ti=<TaskInstance: tradecorp_etl.extract_from_azure manual__2026-09-25T13:52:14.446652+00:00 [queued]>
[2026-09-25T13:57:23.712+0000] {taskinstance.py:2856} INFO - Starting attempt 2 of 3
[2026-09-25T13:57:23.745+0000] {taskinstance.py:2879} INFO - Executing <Task(BashOperator): extract_from_azure> on 2026-09-25 13:52:14.446652+00:00
[2026-09-25T13:57:23.755+0000] {standard_task_runner.py:72} INFO - Started process 480 to run task
[2026-09-25T13:57:23.759+0000] {standard_task_runner.py:104} INFO - Running: ['***', 'tasks', 'run', 'tradecorp_etl', 'extract_from_azure', 'manual__2026-09-25T13:52:14.446652+00:00', '--job-id', '16', '--raw', '--subdir', 'DAGS_FOLDER/tradecorp_pipeline.py', '--cfg-path', '/tmp/tmpgfj4krri']
[2026-09-25T13:57:23.764+0000] {standard_task_runner.py:105} INFO - Job 16: Subtask extract_from_azure
[2026-09-25T13:57:23.853+0000] {task_command.py:467} INFO - Running <TaskInstance: tradecorp_etl.extract_from_azure manual__2026-09-25T13:52:14.446652+00:00 [running]> on host ea9a48853806
[2026-09-25T13:57:24.049+0000] {taskinstance.py:3122} INFO - Exporting env vars: AIRFLOW_CTX_DAG_OWNER='tradecorp_data_eng' AIRFLOW_CTX_DAG_ID='tradecorp_etl' AIRFLOW_CTX_TASK_ID='extract_from_azure' AIRFLOW_CTX_EXECUTION_DATE='2026-09-25T13:52:14.446652+00:00' AIRFLOW_CTX_TRY_NUMBER='2' AIRFLOW_CTX_DAG_RUN_ID='manual__2026-09-25T13:52:14.446652+00:00'
[2026-09-25T13:57:24.056+0000] {taskinstance.py:731} INFO - ::endgroup::
[2026-09-25T13:57:24.128+0000] {subprocess.py:63} INFO - Tmp dir root location: /tmp
[2026-09-25T13:57:24.131+0000] {subprocess.py:75} INFO - Running command: ['/usr/bin/bash', '-c', '/home/***/.local/bin/python /home/jovyan/src/reader.py']
[2026-09-25T13:57:24.151+0000] {subprocess.py:86} INFO - Output:
[2026-09-25T13:57:25.622+0000] {subprocess.py:93} INFO - 2026-09-25 13:57:25,622 - INFO - Request URL: 'https://zawlstorage.blob.core.windows.net/raw?restype=REDACTED&comp=REDACTED&include=REDACTED'
[2026-09-25T13:57:25.625+0000] {subprocess.py:93} INFO - Request method: 'GET'
[2026-09-25T13:57:25.627+0000] {subprocess.py:93} INFO - Request headers:
[2026-09-25T13:57:25.630+0000] {subprocess.py:93} INFO -     'x-ms-version': 'REDACTED'
[2026-09-25T13:57:25.632+0000] {subprocess.py:93} INFO -     'Accept': 'application/xml'
[2026-09-25T13:57:25.633+0000] {subprocess.py:93} INFO -     'User-Agent': 'azsdk-python-storage-blob/12.22.0 Python/3.11.11 (Linux-6.18.33.2-microsoft-standard-WSL2-x86_64-with-glibc2.36)'
[2026-09-25T13:57:25.635+0000] {subprocess.py:93} INFO -     'x-ms-date': 'REDACTED'
[2026-09-25T13:57:25.637+0000] {subprocess.py:93} INFO -     'x-ms-client-request-id': '09c86a1a-b8e9-11f1-9be6-d64dc4672a37'
[2026-09-25T13:57:25.638+0000] {subprocess.py:93} INFO -     'Authorization': 'REDACTED'
[2026-09-25T13:57:25.640+0000] {subprocess.py:93} INFO - No body was attached to the request
[2026-09-25T13:57:25.778+0000] {subprocess.py:93} INFO - 2026-09-25 13:57:25,778 - INFO - Response status: 200
[2026-09-25T13:57:25.781+0000] {subprocess.py:93} INFO - Response headers:
[2026-09-25T13:57:25.783+0000] {subprocess.py:93} INFO -     'Transfer-Encoding': 'chunked'
[2026-09-25T13:57:25.786+0000] {subprocess.py:93} INFO -     'Content-Type': 'application/xml'
[2026-09-25T13:57:25.788+0000] {subprocess.py:93} INFO -     'Server': 'Windows-Azure-Blob/1.0 Microsoft-HTTPAPI/2.0'
[2026-09-25T13:57:25.791+0000] {subprocess.py:93} INFO -     'x-ms-request-id': '99d07f7d-401e-00d2-54f5-4c4003000000'
[2026-09-25T13:57:25.793+0000] {subprocess.py:93} INFO -     'x-ms-client-request-id': '09c86a1a-b8e9-11f1-9be6-d64dc4672a37'
[2026-09-25T13:57:25.797+0000] {subprocess.py:93} INFO -     'x-ms-version': 'REDACTED'
[2026-09-25T13:57:25.803+0000] {subprocess.py:93} INFO -     'Date': 'Fri, 25 Sep 2026 13:57:25 GMT'
[2026-09-25T13:57:25.810+0000] {subprocess.py:93} INFO - Traceback (most recent call last):
[2026-09-25T13:57:25.812+0000] {subprocess.py:93} INFO -   File "/home/jovyan/src/reader.py", line 110, in <module>
[2026-09-25T13:57:25.815+0000] {subprocess.py:93} INFO -     files = DataReader.download_azure_raw()
[2026-09-25T13:57:25.818+0000] {subprocess.py:93} INFO -             ^^^^^^^^^^^^^^^^^^^^^^^^^^^^^^^
[2026-09-25T13:57:25.821+0000] {subprocess.py:93} INFO -   File "/home/jovyan/src/reader.py", line 78, in download_azure_raw
[2026-09-25T13:57:25.823+0000] {subprocess.py:93} INFO -     with open(destination, "wb") as file:
[2026-09-25T13:57:25.826+0000] {subprocess.py:93} INFO -          ^^^^^^^^^^^^^^^^^^^^^^^
[2026-09-25T13:57:25.829+0000] {subprocess.py:93} INFO - PermissionError: [Errno 13] Permission denied: '/home/jovyan/src/data/azure_tradecorp_raw/categories.csv'
[2026-09-25T13:57:25.989+0000] {subprocess.py:97} INFO - Command exited with return code 1
[2026-09-25T13:57:26.009+0000] {taskinstance.py:3301} ERROR - Task failed with exception
Traceback (most recent call last):
  File "/home/airflow/.local/lib/python3.11/site-packages/airflow/models/taskinstance.py", line 762, in _execute_task
    result = _execute_callable(context=context, **execute_callable_kwargs)
             ^^^^^^^^^^^^^^^^^^^^^^^^^^^^^^^^^^^^^^^^^^^^^^^^^^^^^^^^^^^^^
  File "/home/airflow/.local/lib/python3.11/site-packages/airflow/models/taskinstance.py", line 733, in _execute_callable
    return ExecutionCallableRunner(
           ^^^^^^^^^^^^^^^^^^^^^^^^
  File "/home/airflow/.local/lib/python3.11/site-packages/airflow/utils/operator_helpers.py", line 252, in run
    return self.func(*args, **kwargs)
           ^^^^^^^^^^^^^^^^^^^^^^^^^^
  File "/home/airflow/.local/lib/python3.11/site-packages/airflow/models/baseoperator.py", line 406, in wrapper
    return func(self, *args, **kwargs)
           ^^^^^^^^^^^^^^^^^^^^^^^^^^^
  File "/home/airflow/.local/lib/python3.11/site-packages/airflow/operators/bash.py", line 249, in execute
    raise AirflowException(
airflow.exceptions.AirflowException: Bash command failed. The command returned a non-zero exit code 1.
[2026-09-25T13:57:26.051+0000] {taskinstance.py:1225} INFO - Marking task as UP_FOR_RETRY. dag_id=tradecorp_etl, task_id=extract_from_azure, run_id=manual__2026-09-25T13:52:14.446652+00:00, execution_date=20260925T135214, start_date=20260925T135723, end_date=20260925T135726
[2026-09-25T13:57:26.091+0000] {taskinstance.py:340} INFO - ::group::Post task execution logs
[2026-09-25T13:57:26.094+0000] {standard_task_runner.py:124} ERROR - Failed to execute job 16 for task extract_from_azure (Bash command failed. The command returned a non-zero exit code 1.; 480)
Traceback (most recent call last):
  File "/home/airflow/.local/lib/python3.11/site-packages/airflow/task/task_runner/standard_task_runner.py", line 117, in _start_by_fork
    ret = args.func(args, dag=self.dag)
          ^^^^^^^^^^^^^^^^^^^^^^^^^^^^^
  File "/home/airflow/.local/lib/python3.11/site-packages/airflow/cli/cli_config.py", line 49, in command
    return func(*args, **kwargs)
           ^^^^^^^^^^^^^^^^^^^^^
  File "/home/airflow/.local/lib/python3.11/site-packages/airflow/utils/cli.py", line 115, in wrapper
    return f(*args, **kwargs)
           ^^^^^^^^^^^^^^^^^^
  File "/home/airflow/.local/lib/python3.11/site-packages/airflow/cli/commands/task_command.py", line 483, in task_run
    task_return_code = _run_task_by_selected_method(args, _dag, ti)
                       ^^^^^^^^^^^^^^^^^^^^^^^^^^^^^^^^^^^^^^^^^^^^
  File "/home/airflow/.local/lib/python3.11/site-packages/airflow/cli/commands/task_command.py", line 256, in _run_task_by_selected_method
    return _run_raw_task(args, ti)
           ^^^^^^^^^^^^^^^^^^^^^^^
  File "/home/airflow/.local/lib/python3.11/site-packages/airflow/cli/commands/task_command.py", line 341, in _run_raw_task
    return ti._run_raw_task(
           ^^^^^^^^^^^^^^^^^
  File "/home/airflow/.local/lib/python3.11/site-packages/airflow/utils/session.py", line 97, in wrapper
    return func(*args, session=session, **kwargs)
           ^^^^^^^^^^^^^^^^^^^^^^^^^^^^^^^^^^^^^^
  File "/home/airflow/.local/lib/python3.11/site-packages/airflow/models/taskinstance.py", line 2995, in _run_raw_task
    return _run_raw_task(
           ^^^^^^^^^^^^^^
  File "/home/airflow/.local/lib/python3.11/site-packages/airflow/models/taskinstance.py", line 273, in _run_raw_task
    TaskInstance._execute_task_with_callbacks(
  File "/home/airflow/.local/lib/python3.11/site-packages/airflow/models/taskinstance.py", line 3149, in _execute_task_with_callbacks
    result = self._execute_task(context, task_orig)
             ^^^^^^^^^^^^^^^^^^^^^^^^^^^^^^^^^^^^^^
  File "/home/airflow/.local/lib/python3.11/site-packages/airflow/models/taskinstance.py", line 3173, in _execute_task
    return _execute_task(self, context, task_orig)
           ^^^^^^^^^^^^^^^^^^^^^^^^^^^^^^^^^^^^^^^
  File "/home/airflow/.local/lib/python3.11/site-packages/airflow/models/taskinstance.py", line 762, in _execute_task
    result = _execute_callable(context=context, **execute_callable_kwargs)
             ^^^^^^^^^^^^^^^^^^^^^^^^^^^^^^^^^^^^^^^^^^^^^^^^^^^^^^^^^^^^^
  File "/home/airflow/.local/lib/python3.11/site-packages/airflow/models/taskinstance.py", line 733, in _execute_callable
    return ExecutionCallableRunner(
           ^^^^^^^^^^^^^^^^^^^^^^^^
  File "/home/airflow/.local/lib/python3.11/site-packages/airflow/utils/operator_helpers.py", line 252, in run
    return self.func(*args, **kwargs)
           ^^^^^^^^^^^^^^^^^^^^^^^^^^
  File "/home/airflow/.local/lib/python3.11/site-packages/airflow/models/baseoperator.py", line 406, in wrapper
    return func(self, *args, **kwargs)
           ^^^^^^^^^^^^^^^^^^^^^^^^^^^
  File "/home/airflow/.local/lib/python3.11/site-packages/airflow/operators/bash.py", line 249, in execute
    raise AirflowException(
airflow.exceptions.AirflowException: Bash command failed. The command returned a non-zero exit code 1.
[2026-09-25T13:57:26.147+0000] {local_task_job_runner.py:261} INFO - Task exited with return code 1
[2026-09-25T13:57:26.195+0000] {taskinstance.py:3891} INFO - 0 downstream tasks scheduled from follow-on schedule check
[2026-09-25T13:57:26.201+0000] {local_task_job_runner.py:240} INFO - ::endgroup::
