[2026-09-25T13:52:20.296+0000] {local_task_job_runner.py:123} INFO - ::group::Pre task execution logs
[2026-09-25T13:52:20.341+0000] {taskinstance.py:2603} INFO - Dependencies all met for dep_context=non-requeueable deps ti=<TaskInstance: tradecorp_etl.extract_from_azure manual__2026-09-25T13:52:14.446652+00:00 [queued]>
[2026-09-25T13:52:20.359+0000] {taskinstance.py:2603} INFO - Dependencies all met for dep_context=requeueable deps ti=<TaskInstance: tradecorp_etl.extract_from_azure manual__2026-09-25T13:52:14.446652+00:00 [queued]>
[2026-09-25T13:52:20.362+0000] {taskinstance.py:2856} INFO - Starting attempt 1 of 3
[2026-09-25T13:52:20.394+0000] {taskinstance.py:2879} INFO - Executing <Task(BashOperator): extract_from_azure> on 2026-09-25 13:52:14.446652+00:00
[2026-09-25T13:52:20.405+0000] {standard_task_runner.py:72} INFO - Started process 346 to run task
[2026-09-25T13:52:20.409+0000] {standard_task_runner.py:104} INFO - Running: ['***', 'tasks', 'run', 'tradecorp_etl', 'extract_from_azure', 'manual__2026-09-25T13:52:14.446652+00:00', '--job-id', '15', '--raw', '--subdir', 'DAGS_FOLDER/tradecorp_pipeline.py', '--cfg-path', '/tmp/tmp3v8tl_2i']
[2026-09-25T13:52:20.414+0000] {standard_task_runner.py:105} INFO - Job 15: Subtask extract_from_azure
[2026-09-25T13:52:20.494+0000] {task_command.py:467} INFO - Running <TaskInstance: tradecorp_etl.extract_from_azure manual__2026-09-25T13:52:14.446652+00:00 [running]> on host ea9a48853806
[2026-09-25T13:52:20.628+0000] {taskinstance.py:3122} INFO - Exporting env vars: AIRFLOW_CTX_DAG_OWNER='tradecorp_data_eng' AIRFLOW_CTX_DAG_ID='tradecorp_etl' AIRFLOW_CTX_TASK_ID='extract_from_azure' AIRFLOW_CTX_EXECUTION_DATE='2026-09-25T13:52:14.446652+00:00' AIRFLOW_CTX_TRY_NUMBER='1' AIRFLOW_CTX_DAG_RUN_ID='manual__2026-09-25T13:52:14.446652+00:00'
[2026-09-25T13:52:20.632+0000] {taskinstance.py:731} INFO - ::endgroup::
[2026-09-25T13:52:20.672+0000] {subprocess.py:63} INFO - Tmp dir root location: /tmp
[2026-09-25T13:52:20.677+0000] {subprocess.py:75} INFO - Running command: ['/usr/bin/bash', '-c', '/home/***/.local/bin/python /home/jovyan/src/reader.py']
[2026-09-25T13:52:20.707+0000] {subprocess.py:86} INFO - Output:
[2026-09-25T13:52:22.191+0000] {subprocess.py:93} INFO - 2026-09-25 13:52:22,191 - INFO - Request URL: 'https://zawlstorage.blob.core.windows.net/raw?restype=REDACTED&comp=REDACTED&include=REDACTED'
[2026-09-25T13:52:22.193+0000] {subprocess.py:93} INFO - Request method: 'GET'
[2026-09-25T13:52:22.195+0000] {subprocess.py:93} INFO - Request headers:
[2026-09-25T13:52:22.198+0000] {subprocess.py:93} INFO -     'x-ms-version': 'REDACTED'
[2026-09-25T13:52:22.199+0000] {subprocess.py:93} INFO -     'Accept': 'application/xml'
[2026-09-25T13:52:22.201+0000] {subprocess.py:93} INFO -     'User-Agent': 'azsdk-python-storage-blob/12.22.0 Python/3.11.11 (Linux-6.18.33.2-microsoft-standard-WSL2-x86_64-with-glibc2.36)'
[2026-09-25T13:52:22.204+0000] {subprocess.py:93} INFO -     'x-ms-date': 'REDACTED'
[2026-09-25T13:52:22.207+0000] {subprocess.py:93} INFO -     'x-ms-client-request-id': '54ec9d50-b8e8-11f1-85cd-d64dc4672a37'
[2026-09-25T13:52:22.209+0000] {subprocess.py:93} INFO -     'Authorization': 'REDACTED'
[2026-09-25T13:52:22.211+0000] {subprocess.py:93} INFO - No body was attached to the request
[2026-09-25T13:52:22.360+0000] {subprocess.py:93} INFO - 2026-09-25 13:52:22,360 - INFO - Response status: 200
[2026-09-25T13:52:22.366+0000] {subprocess.py:93} INFO - Response headers:
[2026-09-25T13:52:22.369+0000] {subprocess.py:93} INFO -     'Transfer-Encoding': 'chunked'
[2026-09-25T13:52:22.372+0000] {subprocess.py:93} INFO -     'Content-Type': 'application/xml'
[2026-09-25T13:52:22.375+0000] {subprocess.py:93} INFO -     'Server': 'Windows-Azure-Blob/1.0 Microsoft-HTTPAPI/2.0'
[2026-09-25T13:52:22.377+0000] {subprocess.py:93} INFO -     'x-ms-request-id': '4fab8c45-c01e-0028-40f5-4ca245000000'
[2026-09-25T13:52:22.379+0000] {subprocess.py:93} INFO -     'x-ms-client-request-id': '54ec9d50-b8e8-11f1-85cd-d64dc4672a37'
[2026-09-25T13:52:22.381+0000] {subprocess.py:93} INFO -     'x-ms-version': 'REDACTED'
[2026-09-25T13:52:22.384+0000] {subprocess.py:93} INFO -     'Date': 'Fri, 25 Sep 2026 13:52:22 GMT'
[2026-09-25T13:52:22.394+0000] {subprocess.py:93} INFO - Traceback (most recent call last):
[2026-09-25T13:52:22.396+0000] {subprocess.py:93} INFO -   File "/home/jovyan/src/reader.py", line 110, in <module>
[2026-09-25T13:52:22.399+0000] {subprocess.py:93} INFO -     files = DataReader.download_azure_raw()
[2026-09-25T13:52:22.401+0000] {subprocess.py:93} INFO -             ^^^^^^^^^^^^^^^^^^^^^^^^^^^^^^^
[2026-09-25T13:52:22.402+0000] {subprocess.py:93} INFO -   File "/home/jovyan/src/reader.py", line 78, in download_azure_raw
[2026-09-25T13:52:22.404+0000] {subprocess.py:93} INFO -     with open(destination, "wb") as file:
[2026-09-25T13:52:22.407+0000] {subprocess.py:93} INFO -          ^^^^^^^^^^^^^^^^^^^^^^^
[2026-09-25T13:52:22.410+0000] {subprocess.py:93} INFO - PermissionError: [Errno 13] Permission denied: '/home/jovyan/src/data/azure_tradecorp_raw/categories.csv'
[2026-09-25T13:52:22.570+0000] {subprocess.py:97} INFO - Command exited with return code 1
[2026-09-25T13:52:22.595+0000] {taskinstance.py:3301} ERROR - Task failed with exception
Traceback (most recent call last):
  File "/home/airflow/.local/lib/python3.11/site-packages/airflow/models/taskinstance.py", line 762, in _execute_task
    result = _execute_callable(context=context, **execute_callable_kwargs)
             ^^^^^^^^^^^^^^^^^^^^^^^^^^^^^^^^^^^^^^^^^^^^^^^^^^^^^^^^^^^^^
  File "/home/airflow/.local/lib/python3.11/site-packages/airflow/models/taskinstance.py", line 733, in _execute_callable
    return ExecutionCallableRunner(
           ^^^^^^^^^^^^^^^^^^^^^^^^
  File "/home/airflow/.local/lib/python3.11/site-packages/airflow/utils/operator_helpers.py", line 252, in run
    return self.func(*args, **kwargs)
           ^^^^^^^^^^^^^^^^^^^^^^^^^^
  File "/home/airflow/.local/lib/python3.11/site-packages/airflow/models/baseoperator.py", line 406, in wrapper
    return func(self, *args, **kwargs)
           ^^^^^^^^^^^^^^^^^^^^^^^^^^^
  File "/home/airflow/.local/lib/python3.11/site-packages/airflow/operators/bash.py", line 249, in execute
    raise AirflowException(
airflow.exceptions.AirflowException: Bash command failed. The command returned a non-zero exit code 1.
[2026-09-25T13:52:22.633+0000] {taskinstance.py:1225} INFO - Marking task as UP_FOR_RETRY. dag_id=tradecorp_etl, task_id=extract_from_azure, run_id=manual__2026-09-25T13:52:14.446652+00:00, execution_date=20260925T135214, start_date=20260925T135220, end_date=20260925T135222
[2026-09-25T13:52:22.688+0000] {taskinstance.py:340} INFO - ::group::Post task execution logs
[2026-09-25T13:52:22.691+0000] {standard_task_runner.py:124} ERROR - Failed to execute job 15 for task extract_from_azure (Bash command failed. The command returned a non-zero exit code 1.; 346)
Traceback (most recent call last):
  File "/home/airflow/.local/lib/python3.11/site-packages/airflow/task/task_runner/standard_task_runner.py", line 117, in _start_by_fork
    ret = args.func(args, dag=self.dag)
          ^^^^^^^^^^^^^^^^^^^^^^^^^^^^^
  File "/home/airflow/.local/lib/python3.11/site-packages/airflow/cli/cli_config.py", line 49, in command
    return func(*args, **kwargs)
           ^^^^^^^^^^^^^^^^^^^^^
  File "/home/airflow/.local/lib/python3.11/site-packages/airflow/utils/cli.py", line 115, in wrapper
    return f(*args, **kwargs)
           ^^^^^^^^^^^^^^^^^^
  File "/home/airflow/.local/lib/python3.11/site-packages/airflow/cli/commands/task_command.py", line 483, in task_run
    task_return_code = _run_task_by_selected_method(args, _dag, ti)
                       ^^^^^^^^^^^^^^^^^^^^^^^^^^^^^^^^^^^^^^^^^^^^
  File "/home/airflow/.local/lib/python3.11/site-packages/airflow/cli/commands/task_command.py", line 256, in _run_task_by_selected_method
    return _run_raw_task(args, ti)
           ^^^^^^^^^^^^^^^^^^^^^^^
  File "/home/airflow/.local/lib/python3.11/site-packages/airflow/cli/commands/task_command.py", line 341, in _run_raw_task
    return ti._run_raw_task(
           ^^^^^^^^^^^^^^^^^
  File "/home/airflow/.local/lib/python3.11/site-packages/airflow/utils/session.py", line 97, in wrapper
    return func(*args, session=session, **kwargs)
           ^^^^^^^^^^^^^^^^^^^^^^^^^^^^^^^^^^^^^^
  File "/home/airflow/.local/lib/python3.11/site-packages/airflow/models/taskinstance.py", line 2995, in _run_raw_task
    return _run_raw_task(
           ^^^^^^^^^^^^^^
  File "/home/airflow/.local/lib/python3.11/site-packages/airflow/models/taskinstance.py", line 273, in _run_raw_task
    TaskInstance._execute_task_with_callbacks(
  File "/home/airflow/.local/lib/python3.11/site-packages/airflow/models/taskinstance.py", line 3149, in _execute_task_with_callbacks
    result = self._execute_task(context, task_orig)
             ^^^^^^^^^^^^^^^^^^^^^^^^^^^^^^^^^^^^^^
  File "/home/airflow/.local/lib/python3.11/site-packages/airflow/models/taskinstance.py", line 3173, in _execute_task
    return _execute_task(self, context, task_orig)
           ^^^^^^^^^^^^^^^^^^^^^^^^^^^^^^^^^^^^^^^
  File "/home/airflow/.local/lib/python3.11/site-packages/airflow/models/taskinstance.py", line 762, in _execute_task
    result = _execute_callable(context=context, **execute_callable_kwargs)
             ^^^^^^^^^^^^^^^^^^^^^^^^^^^^^^^^^^^^^^^^^^^^^^^^^^^^^^^^^^^^^
  File "/home/airflow/.local/lib/python3.11/site-packages/airflow/models/taskinstance.py", line 733, in _execute_callable
    return ExecutionCallableRunner(
           ^^^^^^^^^^^^^^^^^^^^^^^^
  File "/home/airflow/.local/lib/python3.11/site-packages/airflow/utils/operator_helpers.py", line 252, in run
    return self.func(*args, **kwargs)
           ^^^^^^^^^^^^^^^^^^^^^^^^^^
  File "/home/airflow/.local/lib/python3.11/site-packages/airflow/models/baseoperator.py", line 406, in wrapper
    return func(self, *args, **kwargs)
           ^^^^^^^^^^^^^^^^^^^^^^^^^^^
  File "/home/airflow/.local/lib/python3.11/site-packages/airflow/operators/bash.py", line 249, in execute
    raise AirflowException(
airflow.exceptions.AirflowException: Bash command failed. The command returned a non-zero exit code 1.
[2026-09-25T13:52:22.728+0000] {local_task_job_runner.py:261} INFO - Task exited with return code 1
[2026-09-25T13:52:22.762+0000] {taskinstance.py:3891} INFO - 0 downstream tasks scheduled from follow-on schedule check
[2026-09-25T13:52:22.769+0000] {local_task_job_runner.py:240} INFO - ::endgroup::
